{"context":"IngestWorker","level":"info","message":"🎯 IngestWorker initialized for queue \"video.ingest\"","service":"","timestamp":"2025-10-17 01:24:57"}
{"context":"IngestWorker","level":"info","message":"🚀 IngestWorker prêt — écoute video.ingest","service":"","timestamp":"2025-10-17 01:24:57"}
{"context":"IngestWorker","level":"info","message":"👂 Worker ready and waiting for jobs","service":"","timestamp":"2025-10-17 01:24:58"}
{"context":"IngestWorker","level":"info","message":"🚀 IngestWorker started and listening","service":"","timestamp":"2025-10-17 01:24:58"}
{"context":"VideoIngestController","level":"info","message":"🎬 Ingestion initiale démarrée pour vv.mp4 (c45a18e2-faa3-4b07-bcfe-512431e5e379)","service":"","timestamp":"2025-10-17 01:25:37"}
{"context":"VideoEventDispatcher","level":"debug","message":"📩 Dispatching \"video.ingest\"","s3Key":"vv.mp4","service":"","timestamp":"2025-10-17 01:25:37","userId":"system"}
{"context":"VideoIngestController","level":"debug","message":"Détails de l’ingestion: videoId=c45a18e2-faa3-4b07-bcfe-512431e5e379, inputFile=vv.mp4","service":"","timestamp":"2025-10-17 01:25:37"}
{"context":"VideoEventDispatcher","error":{"message":"Failed to add job to queue: ERR Lua redis lib command arguments must be strings or integers script: f8843d48db1dc84bc5093f7615b78023ba0d6e82, on @user_script:370.","name":"Error","stack":"Error: Failed to add job to queue: ERR Lua redis lib command arguments must be strings or integers script: f8843d48db1dc84bc5093f7615b78023ba0d6e82, on @user_script:370.\n    at BullMQService.addJobToQueue (/home/marc/Bureau/projets/safliix-back/apps/video-processor/dist/webpack:/libs/shared/bullmq/src/lib/services/bullmq.service.ts:185:1)\n    at processTicksAndRejections (node:internal/process/task_queues:105:5)\n    at VideoEventDispatcher.emit (/home/marc/Bureau/projets/safliix-back/apps/video-processor/dist/webpack:/@safliix-back/video-processor/src/app/services/video-event-dispatcher.service.ts:22:1)\n    at VideoIngestController.ingestVideo (/home/marc/Bureau/projets/safliix-back/apps/video-processor/dist/webpack:/@safliix-back/video-processor/src/app/ffmpeg.controller.ts:28:1)\n    at /home/marc/Bureau/projets/safliix-back/node_modules/@nestjs/core/router/router-execution-context.js:46:28\n    at /home/marc/Bureau/projets/safliix-back/node_modules/@nestjs/core/router/router-proxy.js:9:17"},"level":"error","message":"❌ Failed to dispatch event \"video.ingest\"","service":"","timestamp":"2025-10-17 01:25:37"}
{"context":"IngestWorker","level":"info","message":"🎯 IngestWorker initialized for queue \"video.ingest\"","service":"","timestamp":"2025-10-17 01:40:46"}
{"context":"IngestWorker","level":"info","message":"🚀 IngestWorker prêt — écoute video.ingest","service":"","timestamp":"2025-10-17 01:40:46"}
{"context":"IngestWorker","level":"info","message":"👂 Worker ready and waiting for jobs","service":"","timestamp":"2025-10-17 01:40:46"}
{"context":"IngestWorker","level":"info","message":"🚀 IngestWorker started and listening","service":"","timestamp":"2025-10-17 01:40:46"}
{"context":"VideoIngestController","level":"info","message":"🎬 Ingestion initiale démarrée pour vv.mp4 (81beb5a5-626e-4533-9f08-86d841ac1559)","service":"","timestamp":"2025-10-17 01:41:41"}
{"context":"VideoEventDispatcher","level":"debug","message":"📩 Dispatching \"video.ingest\"","s3Key":"vv.mp4","service":"","timestamp":"2025-10-17 01:41:41","userId":"system"}
{"context":"VideoIngestController","level":"debug","message":"Détails de l’ingestion: videoId=81beb5a5-626e-4533-9f08-86d841ac1559, inputFile=vv.mp4","service":"","timestamp":"2025-10-17 01:41:41"}
{"context":"VideoEventDispatcher","level":"debug","message":"✅ Event \"video.ingest\" sent to queue","service":"","timestamp":"2025-10-17 01:41:41"}
{"context":"IngestWorker","level":"info","message":"🎯 IngestWorker initialized for queue \"video.ingest\"","service":"","timestamp":"2025-10-17 01:45:10"}
{"context":"IngestWorker","level":"info","message":"🚀 IngestWorker prêt — écoute video.ingest","service":"","timestamp":"2025-10-17 01:45:10"}
{"context":"IngestWorker","level":"info","message":"👂 Worker ready and waiting for jobs","service":"","timestamp":"2025-10-17 01:45:10"}
{"context":"IngestWorker","level":"info","message":"🚀 IngestWorker started and listening","service":"","timestamp":"2025-10-17 01:45:10"}
{"context":"VideoIngestController","level":"info","message":"🎬 Ingestion initiale démarrée pour vv.mp4 (5cf911ef-e19e-4154-a29c-ca966ee271f5)","service":"","timestamp":"2025-10-17 01:45:22"}
{"context":"VideoEventDispatcher","level":"debug","message":"📩 Dispatching \"video.ingest\"","s3Key":"vv.mp4","service":"","timestamp":"2025-10-17 01:45:22","userId":"system"}
{"context":"VideoIngestController","level":"debug","message":"Détails de l’ingestion: videoId=5cf911ef-e19e-4154-a29c-ca966ee271f5, inputFile=vv.mp4","service":"","timestamp":"2025-10-17 01:45:22"}
{"context":"VideoEventDispatcher","level":"debug","message":"✅ Event \"video.ingest\" sent to queue","service":"","timestamp":"2025-10-17 01:45:22"}
{"context":"IngestWorker","level":"info","message":"🏃 Job 1 started","service":"","timestamp":"2025-10-17 01:45:22"}
{"context":"IngestWorker","level":"debug","message":"🎬 Processing job 1 from queue \"video.ingest\"","service":"","timestamp":"2025-10-17 01:45:22"}
{"context":"IngestWorker","level":"debug","message":"📦 Job data: {\"userId\":\"system\",\"s3Key\":\"vv.mp4\"}","service":"","timestamp":"2025-10-17 01:45:22"}
{"context":"IngestWorker","level":"info","message":"Received job 1 for event video.ingest","service":"","timestamp":"2025-10-17 01:45:22"}
{"context":"IngestWorker","level":"debug","message":"Job data: {\"userId\":\"system\",\"s3Key\":\"vv.mp4\"}","service":"","timestamp":"2025-10-17 01:45:22"}
{"context":"IngestWorker","error":{"message":"Cannot destructure property 's3Key' of 'payload' as it is undefined.","name":"TypeError","stack":"TypeError: Cannot destructure property 's3Key' of 'payload' as it is undefined.\n    at IngestWorker.processJob (/home/marc/Bureau/projets/safliix-back/apps/video-processor/dist/webpack:/@safliix-back/video-processor/src/app/workers/video-ingest.worker.ts:53:17)\n    at IngestWorker.safeProcess (/home/marc/Bureau/projets/safliix-back/apps/video-processor/dist/webpack:/@safliix-back/video-processor/src/app/workers/base.worker.ts:43:1)\n    at Worker.processFn (/home/marc/Bureau/projets/safliix-back/apps/video-processor/dist/webpack:/@safliix-back/video-processor/src/app/workers/base.worker.ts:25:1)\n    at Worker.callProcessJob (/home/marc/Bureau/projets/safliix-back/node_modules/bullmq/src/classes/worker.ts:369:17)\n    at /home/marc/Bureau/projets/safliix-back/node_modules/bullmq/src/classes/worker.ts:881:37\n    at trace (/home/marc/Bureau/projets/safliix-back/node_modules/bullmq/src/utils/index.ts:344:12)\n    at Worker.trace (/home/marc/Bureau/projets/safliix-back/node_modules/bullmq/src/classes/queue-base.ts:204:17)\n    at Worker.processJob (/home/marc/Bureau/projets/safliix-back/node_modules/bullmq/src/classes/worker.ts:848:17)\n    at /home/marc/Bureau/projets/safliix-back/node_modules/bullmq/src/classes/worker.ts:552:20\n    at Worker.retryIfFailed (/home/marc/Bureau/projets/safliix-back/node_modules/bullmq/src/classes/worker.ts:1250:22)"},"level":"error","message":"💥 Job 1 failed","service":"","timestamp":"2025-10-17 01:45:22"}
{"context":"IngestWorker","error":{"message":"Cannot destructure property 's3Key' of 'payload' as it is undefined.","name":"TypeError","stack":"TypeError: Cannot destructure property 's3Key' of 'payload' as it is undefined.\n    at IngestWorker.processJob (/home/marc/Bureau/projets/safliix-back/apps/video-processor/dist/webpack:/@safliix-back/video-processor/src/app/workers/video-ingest.worker.ts:53:17)\n    at IngestWorker.safeProcess (/home/marc/Bureau/projets/safliix-back/apps/video-processor/dist/webpack:/@safliix-back/video-processor/src/app/workers/base.worker.ts:43:1)\n    at Worker.processFn (/home/marc/Bureau/projets/safliix-back/apps/video-processor/dist/webpack:/@safliix-back/video-processor/src/app/workers/base.worker.ts:25:1)\n    at Worker.callProcessJob (/home/marc/Bureau/projets/safliix-back/node_modules/bullmq/src/classes/worker.ts:369:17)\n    at /home/marc/Bureau/projets/safliix-back/node_modules/bullmq/src/classes/worker.ts:881:37\n    at trace (/home/marc/Bureau/projets/safliix-back/node_modules/bullmq/src/utils/index.ts:344:12)\n    at Worker.trace (/home/marc/Bureau/projets/safliix-back/node_modules/bullmq/src/classes/queue-base.ts:204:17)\n    at Worker.processJob (/home/marc/Bureau/projets/safliix-back/node_modules/bullmq/src/classes/worker.ts:848:17)\n    at /home/marc/Bureau/projets/safliix-back/node_modules/bullmq/src/classes/worker.ts:552:20\n    at Worker.retryIfFailed (/home/marc/Bureau/projets/safliix-back/node_modules/bullmq/src/classes/worker.ts:1250:22)"},"level":"error","message":"❌ Job 1 failed","service":"","timestamp":"2025-10-17 01:45:22"}
{"context":"IngestWorker","level":"info","message":"🏃 Job 1 started","service":"","timestamp":"2025-10-17 01:45:27"}
{"context":"IngestWorker","level":"debug","message":"🎬 Processing job 1 from queue \"video.ingest\"","service":"","timestamp":"2025-10-17 01:45:27"}
{"context":"IngestWorker","level":"debug","message":"📦 Job data: {\"userId\":\"system\",\"s3Key\":\"vv.mp4\"}","service":"","timestamp":"2025-10-17 01:45:27"}
{"context":"IngestWorker","level":"info","message":"Received job 1 for event video.ingest","service":"","timestamp":"2025-10-17 01:45:27"}
{"context":"IngestWorker","level":"debug","message":"Job data: {\"userId\":\"system\",\"s3Key\":\"vv.mp4\"}","service":"","timestamp":"2025-10-17 01:45:27"}
{"context":"IngestWorker","error":{"message":"Cannot destructure property 's3Key' of 'payload' as it is undefined.","name":"TypeError","stack":"TypeError: Cannot destructure property 's3Key' of 'payload' as it is undefined.\n    at IngestWorker.processJob (/home/marc/Bureau/projets/safliix-back/apps/video-processor/dist/webpack:/@safliix-back/video-processor/src/app/workers/video-ingest.worker.ts:53:17)\n    at IngestWorker.safeProcess (/home/marc/Bureau/projets/safliix-back/apps/video-processor/dist/webpack:/@safliix-back/video-processor/src/app/workers/base.worker.ts:43:1)\n    at Worker.processFn (/home/marc/Bureau/projets/safliix-back/apps/video-processor/dist/webpack:/@safliix-back/video-processor/src/app/workers/base.worker.ts:25:1)\n    at Worker.callProcessJob (/home/marc/Bureau/projets/safliix-back/node_modules/bullmq/src/classes/worker.ts:369:17)\n    at /home/marc/Bureau/projets/safliix-back/node_modules/bullmq/src/classes/worker.ts:881:37\n    at trace (/home/marc/Bureau/projets/safliix-back/node_modules/bullmq/src/utils/index.ts:344:12)\n    at Worker.trace (/home/marc/Bureau/projets/safliix-back/node_modules/bullmq/src/classes/queue-base.ts:204:17)\n    at Worker.processJob (/home/marc/Bureau/projets/safliix-back/node_modules/bullmq/src/classes/worker.ts:848:17)\n    at /home/marc/Bureau/projets/safliix-back/node_modules/bullmq/src/classes/worker.ts:552:20\n    at Worker.retryIfFailed (/home/marc/Bureau/projets/safliix-back/node_modules/bullmq/src/classes/worker.ts:1250:22)"},"level":"error","message":"💥 Job 1 failed","service":"","timestamp":"2025-10-17 01:45:27"}
{"context":"IngestWorker","error":{"message":"Cannot destructure property 's3Key' of 'payload' as it is undefined.","name":"TypeError","stack":"TypeError: Cannot destructure property 's3Key' of 'payload' as it is undefined.\n    at IngestWorker.processJob (/home/marc/Bureau/projets/safliix-back/apps/video-processor/dist/webpack:/@safliix-back/video-processor/src/app/workers/video-ingest.worker.ts:53:17)\n    at IngestWorker.safeProcess (/home/marc/Bureau/projets/safliix-back/apps/video-processor/dist/webpack:/@safliix-back/video-processor/src/app/workers/base.worker.ts:43:1)\n    at Worker.processFn (/home/marc/Bureau/projets/safliix-back/apps/video-processor/dist/webpack:/@safliix-back/video-processor/src/app/workers/base.worker.ts:25:1)\n    at Worker.callProcessJob (/home/marc/Bureau/projets/safliix-back/node_modules/bullmq/src/classes/worker.ts:369:17)\n    at /home/marc/Bureau/projets/safliix-back/node_modules/bullmq/src/classes/worker.ts:881:37\n    at trace (/home/marc/Bureau/projets/safliix-back/node_modules/bullmq/src/utils/index.ts:344:12)\n    at Worker.trace (/home/marc/Bureau/projets/safliix-back/node_modules/bullmq/src/classes/queue-base.ts:204:17)\n    at Worker.processJob (/home/marc/Bureau/projets/safliix-back/node_modules/bullmq/src/classes/worker.ts:848:17)\n    at /home/marc/Bureau/projets/safliix-back/node_modules/bullmq/src/classes/worker.ts:552:20\n    at Worker.retryIfFailed (/home/marc/Bureau/projets/safliix-back/node_modules/bullmq/src/classes/worker.ts:1250:22)"},"level":"error","message":"❌ Job 1 failed","service":"","timestamp":"2025-10-17 01:45:27"}
{"context":"IngestWorker","level":"info","message":"🏃 Job 1 started","service":"","timestamp":"2025-10-17 01:45:37"}
{"context":"IngestWorker","level":"debug","message":"🎬 Processing job 1 from queue \"video.ingest\"","service":"","timestamp":"2025-10-17 01:45:37"}
{"context":"IngestWorker","level":"debug","message":"📦 Job data: {\"userId\":\"system\",\"s3Key\":\"vv.mp4\"}","service":"","timestamp":"2025-10-17 01:45:37"}
{"context":"IngestWorker","level":"info","message":"Received job 1 for event video.ingest","service":"","timestamp":"2025-10-17 01:45:37"}
{"context":"IngestWorker","level":"debug","message":"Job data: {\"userId\":\"system\",\"s3Key\":\"vv.mp4\"}","service":"","timestamp":"2025-10-17 01:45:37"}
{"context":"IngestWorker","error":{"message":"Cannot destructure property 's3Key' of 'payload' as it is undefined.","name":"TypeError","stack":"TypeError: Cannot destructure property 's3Key' of 'payload' as it is undefined.\n    at IngestWorker.processJob (/home/marc/Bureau/projets/safliix-back/apps/video-processor/dist/webpack:/@safliix-back/video-processor/src/app/workers/video-ingest.worker.ts:53:17)\n    at IngestWorker.safeProcess (/home/marc/Bureau/projets/safliix-back/apps/video-processor/dist/webpack:/@safliix-back/video-processor/src/app/workers/base.worker.ts:43:1)\n    at Worker.processFn (/home/marc/Bureau/projets/safliix-back/apps/video-processor/dist/webpack:/@safliix-back/video-processor/src/app/workers/base.worker.ts:25:1)\n    at Worker.callProcessJob (/home/marc/Bureau/projets/safliix-back/node_modules/bullmq/src/classes/worker.ts:369:17)\n    at /home/marc/Bureau/projets/safliix-back/node_modules/bullmq/src/classes/worker.ts:881:37\n    at trace (/home/marc/Bureau/projets/safliix-back/node_modules/bullmq/src/utils/index.ts:344:12)\n    at Worker.trace (/home/marc/Bureau/projets/safliix-back/node_modules/bullmq/src/classes/queue-base.ts:204:17)\n    at Worker.processJob (/home/marc/Bureau/projets/safliix-back/node_modules/bullmq/src/classes/worker.ts:848:17)\n    at /home/marc/Bureau/projets/safliix-back/node_modules/bullmq/src/classes/worker.ts:552:20\n    at Worker.retryIfFailed (/home/marc/Bureau/projets/safliix-back/node_modules/bullmq/src/classes/worker.ts:1250:22)"},"level":"error","message":"💥 Job 1 failed","service":"","timestamp":"2025-10-17 01:45:37"}
{"context":"IngestWorker","error":{"message":"Cannot destructure property 's3Key' of 'payload' as it is undefined.","name":"TypeError","stack":"TypeError: Cannot destructure property 's3Key' of 'payload' as it is undefined.\n    at IngestWorker.processJob (/home/marc/Bureau/projets/safliix-back/apps/video-processor/dist/webpack:/@safliix-back/video-processor/src/app/workers/video-ingest.worker.ts:53:17)\n    at IngestWorker.safeProcess (/home/marc/Bureau/projets/safliix-back/apps/video-processor/dist/webpack:/@safliix-back/video-processor/src/app/workers/base.worker.ts:43:1)\n    at Worker.processFn (/home/marc/Bureau/projets/safliix-back/apps/video-processor/dist/webpack:/@safliix-back/video-processor/src/app/workers/base.worker.ts:25:1)\n    at Worker.callProcessJob (/home/marc/Bureau/projets/safliix-back/node_modules/bullmq/src/classes/worker.ts:369:17)\n    at /home/marc/Bureau/projets/safliix-back/node_modules/bullmq/src/classes/worker.ts:881:37\n    at trace (/home/marc/Bureau/projets/safliix-back/node_modules/bullmq/src/utils/index.ts:344:12)\n    at Worker.trace (/home/marc/Bureau/projets/safliix-back/node_modules/bullmq/src/classes/queue-base.ts:204:17)\n    at Worker.processJob (/home/marc/Bureau/projets/safliix-back/node_modules/bullmq/src/classes/worker.ts:848:17)\n    at /home/marc/Bureau/projets/safliix-back/node_modules/bullmq/src/classes/worker.ts:552:20\n    at Worker.retryIfFailed (/home/marc/Bureau/projets/safliix-back/node_modules/bullmq/src/classes/worker.ts:1250:22)"},"level":"error","message":"❌ Job 1 failed","service":"","timestamp":"2025-10-17 01:45:37"}
{"context":"IngestWorker","level":"info","message":"🎯 IngestWorker initialized for queue \"video.ingest\"","service":"","timestamp":"2025-10-17 01:49:17"}
{"context":"IngestWorker","level":"info","message":"🚀 IngestWorker prêt — écoute video.ingest","service":"","timestamp":"2025-10-17 01:49:17"}
{"context":"IngestWorker","level":"info","message":"👂 Worker ready and waiting for jobs","service":"","timestamp":"2025-10-17 01:49:17"}
{"context":"IngestWorker","level":"info","message":"🚀 IngestWorker started and listening","service":"","timestamp":"2025-10-17 01:49:17"}
{"context":"VideoIngestController","level":"info","message":"🎬 Ingestion initiale démarrée pour vv.mp4 (93a7a84d-998e-47c5-ba5c-84fde5d6adfb)","service":"","timestamp":"2025-10-17 01:49:59"}
{"context":"VideoEventDispatcher","level":"debug","message":"📩 Dispatching \"video.ingest\"","s3Key":"vv.mp4","service":"","timestamp":"2025-10-17 01:49:59","userId":"system"}
{"context":"VideoIngestController","level":"debug","message":"Détails de l’ingestion: videoId=93a7a84d-998e-47c5-ba5c-84fde5d6adfb, inputFile=vv.mp4","service":"","timestamp":"2025-10-17 01:49:59"}
{"context":"VideoEventDispatcher","level":"debug","message":"✅ Event \"video.ingest\" sent to queue","service":"","timestamp":"2025-10-17 01:49:59"}
{"context":"IngestWorker","level":"info","message":"🏃 Job 1 started","service":"","timestamp":"2025-10-17 01:49:59"}
{"context":"IngestWorker","level":"debug","message":"🎬 Processing job 1 from queue \"video.ingest\"","service":"","timestamp":"2025-10-17 01:49:59"}
{"context":"IngestWorker","level":"debug","message":"📦 Job data: {\"userId\":\"system\",\"s3Key\":\"vv.mp4\"}","service":"","timestamp":"2025-10-17 01:49:59"}
{"context":"IngestWorker","level":"info","message":"Received job 1 for event video.ingest","service":"","timestamp":"2025-10-17 01:49:59"}
{"context":"IngestWorker","level":"debug","message":"Job data: {\"userId\":\"system\",\"s3Key\":\"vv.mp4\"}","service":"","timestamp":"2025-10-17 01:49:59"}
{"context":"IngestWorker","level":"info","message":"Processing ingest job for s3Key=vv.mp4","service":"","timestamp":"2025-10-17 01:49:59"}
{"context":"IngestWorker","level":"info","message":"Downloaded vv.mp4 => /tmp/vv.mp4 (122.66MB)","service":"","timestamp":"2025-10-17 01:50:02"}
{"context":"VideoEventDispatcher","level":"debug","localPath":"/tmp/vv.mp4","message":"📩 Dispatching \"video.downloaded\"","s3Key":"vv.mp4","service":"","size":128622827,"timestamp":"2025-10-17 01:50:02","userId":"system"}
{"context":"VideoEventDispatcher","level":"debug","message":"✅ Event \"video.downloaded\" sent to queue","service":"","timestamp":"2025-10-17 01:50:02"}
{"context":"IngestWorker","level":"info","message":"✅ Ingest completed for vv.mp4","service":"","timestamp":"2025-10-17 01:50:02"}
{"context":"IngestWorker","level":"info","message":"✅ Job 1 completed successfully","service":"","timestamp":"2025-10-17 01:50:02"}
{"context":"IngestWorker","level":"info","message":"✅ Job 1 completed","service":"","timestamp":"2025-10-17 01:50:02"}
{"context":"IngestWorker","level":"info","message":"🎯 IngestWorker initialized for queue \"video.ingest\"","service":"","timestamp":"2025-10-17 01:54:01"}
{"context":"IngestWorker","level":"info","message":"🚀 IngestWorker prêt — écoute video.ingest","service":"","timestamp":"2025-10-17 01:54:01"}
{"context":"UploadWorker","level":"info","message":"🎯 UploadWorker initialized for queue \"video.assembly.done\"","service":"","timestamp":"2025-10-17 02:31:05"}
{"context":"UploadWorker","level":"info","message":"🚀 UploaderWorker prêt — écoute video.assembly.done","service":"","timestamp":"2025-10-17 02:31:05"}
{"context":"PlaylistAssemblerWorker","level":"info","message":"🎯 PlaylistAssemblerWorker initialized for queue \"video.segmented\"","service":"","timestamp":"2025-10-17 02:31:05"}
{"context":"VideoSplitterWorker","level":"info","message":"🎯 VideoSplitterWorker initialized for queue \"video.downloaded\"","service":"","timestamp":"2025-10-17 02:31:05"}
{"context":"VideoSplitterWorker","level":"info","message":"🚀 Dedicated Redis connection established for VideoSplitterWorker","service":"","timestamp":"2025-10-17 02:31:05"}
{"context":"IngestWorker","level":"info","message":"🎯 IngestWorker initialized for queue \"video.ingest\"","service":"","timestamp":"2025-10-17 02:31:05"}
{"context":"IngestWorker","level":"info","message":"🚀 IngestWorker prêt — écoute video.ingest","service":"","timestamp":"2025-10-17 02:31:05"}
{"context":"VideoEncodingWorker","level":"info","message":"🎯 VideoEncodingWorker initialized for queue \"video.part.ready\"","service":"","timestamp":"2025-10-17 02:31:05"}
{"context":"VideoEncodingWorker","level":"info","message":"🚀 VideoEncodingWorker prêt — écoute video.part.ready","service":"","timestamp":"2025-10-17 02:31:05"}
{"context":"VideoEventWorker","level":"info","message":"🎯 VideoEventWorker initialized for queue \"video.event\"","service":"","timestamp":"2025-10-17 02:31:05"}
{"context":"VideoEventWorker","level":"info","message":"🚀 VideoEventWorker initialisé","service":"","timestamp":"2025-10-17 02:31:05"}
{"context":"UploadWorker","level":"info","message":"👂 Worker ready and waiting for jobs","service":"","timestamp":"2025-10-17 02:31:05"}
{"context":"PlaylistAssemblerWorker","level":"info","message":"👂 Worker ready and waiting for jobs","service":"","timestamp":"2025-10-17 02:31:05"}
{"context":"VideoSplitterWorker","level":"info","message":"👂 Worker ready and waiting for jobs","service":"","timestamp":"2025-10-17 02:31:05"}
{"context":"IngestWorker","level":"info","message":"👂 Worker ready and waiting for jobs","service":"","timestamp":"2025-10-17 02:31:05"}
{"context":"UploadWorker","level":"info","message":"🎯 UploadWorker initialized for queue \"video.assembly.done\"","service":"","timestamp":"2025-10-17 14:27:06"}
{"context":"UploadWorker","level":"info","message":"🚀 UploaderWorker prêt — écoute video.assembly.done","service":"","timestamp":"2025-10-17 14:27:06"}
{"context":"PlaylistAssemblerWorker","level":"info","message":"🎯 PlaylistAssemblerWorker initialized for queue \"video.segmented\"","service":"","timestamp":"2025-10-17 14:27:06"}
{"context":"VideoSplitterWorker","level":"info","message":"🎯 VideoSplitterWorker initialized for queue \"video.downloaded\"","service":"","timestamp":"2025-10-17 14:27:06"}
{"context":"VideoSplitterWorker","level":"info","message":"🚀 Dedicated Redis connection established for VideoSplitterWorker","service":"","timestamp":"2025-10-17 14:27:06"}
{"context":"IngestWorker","level":"info","message":"🎯 IngestWorker initialized for queue \"video.ingest\"","service":"","timestamp":"2025-10-17 14:27:06"}
{"context":"IngestWorker","level":"info","message":"🚀 IngestWorker prêt — écoute video.ingest","service":"","timestamp":"2025-10-17 14:27:06"}
{"context":"VideoEncodingWorker","level":"info","message":"🎯 VideoEncodingWorker initialized for queue \"video.part.ready\"","service":"","timestamp":"2025-10-17 14:27:06"}
{"context":"VideoEncodingWorker","level":"info","message":"🚀 VideoEncodingWorker prêt — écoute video.part.ready","service":"","timestamp":"2025-10-17 14:27:06"}
{"context":"VideoEventWorker","level":"info","message":"🎯 VideoEventWorker initialized for queue \"video.event\"","service":"","timestamp":"2025-10-17 14:27:06"}
{"context":"VideoEventWorker","level":"info","message":"🚀 VideoEventWorker initialisé","service":"","timestamp":"2025-10-17 14:27:06"}
{"context":"UploadWorker","level":"info","message":"👂 Worker ready and waiting for jobs","service":"","timestamp":"2025-10-17 14:27:06"}
{"context":"PlaylistAssemblerWorker","level":"info","message":"👂 Worker ready and waiting for jobs","service":"","timestamp":"2025-10-17 14:27:06"}
{"context":"VideoSplitterWorker","level":"info","message":"👂 Worker ready and waiting for jobs","service":"","timestamp":"2025-10-17 14:27:06"}
{"context":"IngestWorker","level":"info","message":"👂 Worker ready and waiting for jobs","service":"","timestamp":"2025-10-17 14:27:06"}
{"context":"VideoEncodingWorker","level":"info","message":"👂 Worker ready and waiting for jobs","service":"","timestamp":"2025-10-17 14:27:06"}
{"context":"VideoEventWorker","level":"info","message":"👂 Worker ready and waiting for jobs","service":"","timestamp":"2025-10-17 14:27:06"}
{"context":"PlaylistAssemblerWorker","level":"info","message":"🚀 PlaylistAssemblerWorker started and listening","service":"","timestamp":"2025-10-17 14:27:06"}
{"context":"UploadWorker","level":"info","message":"🚀 UploadWorker started and listening","service":"","timestamp":"2025-10-17 14:27:06"}
{"context":"VideoEncodingWorker","level":"info","message":"🚀 VideoEncodingWorker started and listening","service":"","timestamp":"2025-10-17 14:27:06"}
{"context":"VideoSplitterWorker","level":"info","message":"🚀 VideoSplitterWorker started and listening","service":"","timestamp":"2025-10-17 14:27:06"}
{"context":"IngestWorker","level":"info","message":"🚀 IngestWorker started and listening","service":"","timestamp":"2025-10-17 14:27:06"}
{"context":"VideoEventWorker","level":"info","message":"🚀 VideoEventWorker started and listening","service":"","timestamp":"2025-10-17 14:27:06"}
{"context":"VideoIngestController","level":"info","message":"🎬 Ingestion initiale démarrée pour vv.mp4 (bc2ac261-037e-43ee-91c1-e04090b56a03)","service":"","timestamp":"2025-10-17 14:27:35"}
{"context":"VideoEventDispatcher","level":"debug","message":"📩 Dispatching \"video.ingest\"","s3Key":"vv.mp4","service":"","timestamp":"2025-10-17 14:27:35","userId":"system"}
{"context":"VideoIngestController","level":"debug","message":"Détails de l’ingestion: videoId=bc2ac261-037e-43ee-91c1-e04090b56a03, inputFile=vv.mp4","service":"","timestamp":"2025-10-17 14:27:35"}
{"context":"VideoEventDispatcher","error":{"message":"Failed to add job to queue: Command timed out","name":"Error","stack":"Error: Failed to add job to queue: Command timed out\n    at BullMQService.addJobToQueue (/home/marc/Bureau/projets/safliix-back/apps/video-processor/dist/webpack:/libs/shared/bullmq/src/lib/services/bullmq.service.ts:186:1)\n    at VideoEventDispatcher.emit (/home/marc/Bureau/projets/safliix-back/apps/video-processor/dist/webpack:/@safliix-back/video-processor/src/app/services/video-event-dispatcher.service.ts:22:1)\n    at VideoIngestController.ingestVideo (/home/marc/Bureau/projets/safliix-back/apps/video-processor/dist/webpack:/@safliix-back/video-processor/src/app/ffmpeg.controller.ts:28:1)\n    at /home/marc/Bureau/projets/safliix-back/node_modules/@nestjs/core/router/router-execution-context.js:46:28\n    at /home/marc/Bureau/projets/safliix-back/node_modules/@nestjs/core/router/router-proxy.js:9:17"},"level":"error","message":"❌ Failed to dispatch event \"video.ingest\"","service":"","timestamp":"2025-10-17 14:27:35"}
{"context":"UploadWorker","level":"info","message":"🎯 UploadWorker initialized for queue \"video.assembly.done\"","service":"","timestamp":"2025-10-17 15:46:52"}
{"context":"UploadWorker","level":"info","message":"🚀 UploaderWorker prêt — écoute video.assembly.done","service":"","timestamp":"2025-10-17 15:46:52"}
{"context":"PlaylistAssemblerWorker","level":"info","message":"🎯 PlaylistAssemblerWorker initialized for queue \"video.segmented\"","service":"","timestamp":"2025-10-17 15:46:52"}
{"context":"IngestWorker","level":"info","message":"🚀 IngestWorker prêt — écoute video.ingest","service":"","timestamp":"2025-10-17 15:46:52"}
{"context":"VideoSplitterWorker","level":"info","message":"🎯 VideoSplitterWorker initialized for queue \"video.downloaded\"","service":"","timestamp":"2025-10-17 15:46:52"}
{"context":"VideoSplitterWorker","level":"info","message":"🚀 Dedicated Redis connection established for VideoSplitterWorker","service":"","timestamp":"2025-10-17 15:46:52"}
{"context":"VideoEncodingWorker","level":"info","message":"🎯 VideoEncodingWorker initialized for queue \"video.part.ready\"","service":"","timestamp":"2025-10-17 15:46:52"}
{"context":"VideoEncodingWorker","level":"info","message":"🚀 VideoEncodingWorker prêt — écoute video.part.ready","service":"","timestamp":"2025-10-17 15:46:52"}
{"context":"VideoEventWorker","level":"info","message":"🎯 VideoEventWorker initialized for queue \"video.event\"","service":"","timestamp":"2025-10-17 15:46:52"}
{"context":"VideoEventWorker","level":"info","message":"🚀 VideoEventWorker initialisé","service":"","timestamp":"2025-10-17 15:46:52"}
{"context":"IngestWorker","level":"info","message":"🎯 IngestWorker initialized for queue \"video.ingest\"","service":"","timestamp":"2025-10-17 15:46:52"}
{"context":"UploadWorker","level":"info","message":"👂 Worker ready and waiting for jobs","service":"","timestamp":"2025-10-17 15:46:53"}
{"context":"PlaylistAssemblerWorker","level":"info","message":"👂 Worker ready and waiting for jobs","service":"","timestamp":"2025-10-17 15:46:53"}
{"context":"IngestWorker","level":"info","message":"👂 Worker ready and waiting for jobs","service":"","timestamp":"2025-10-17 15:46:53"}
{"context":"VideoEncodingWorker","level":"info","message":"👂 Worker ready and waiting for jobs","service":"","timestamp":"2025-10-17 15:46:53"}
{"context":"VideoSplitterWorker","level":"info","message":"👂 Worker ready and waiting for jobs","service":"","timestamp":"2025-10-17 15:46:53"}
{"context":"VideoEventWorker","level":"info","message":"👂 Worker ready and waiting for jobs","service":"","timestamp":"2025-10-17 15:46:53"}
{"context":"PlaylistAssemblerWorker","level":"info","message":"🚀 PlaylistAssemblerWorker started and listening","service":"","timestamp":"2025-10-17 15:46:53"}
{"context":"UploadWorker","level":"info","message":"🚀 UploadWorker started and listening","service":"","timestamp":"2025-10-17 15:46:53"}
{"context":"IngestWorker","level":"info","message":"🚀 IngestWorker started and listening","service":"","timestamp":"2025-10-17 15:46:53"}
{"context":"VideoEncodingWorker","level":"info","message":"🚀 VideoEncodingWorker started and listening","service":"","timestamp":"2025-10-17 15:46:53"}
{"context":"VideoSplitterWorker","level":"info","message":"🚀 VideoSplitterWorker started and listening","service":"","timestamp":"2025-10-17 15:46:53"}
{"context":"VideoEventWorker","level":"info","message":"🚀 VideoEventWorker started and listening","service":"","timestamp":"2025-10-17 15:46:53"}
{"context":"VideoIngestController","level":"info","message":"🎬 Ingestion initiale démarrée pour vv.mp4 (6f3f1c71-010d-4347-81a0-4fe01777c588)","service":"","timestamp":"2025-10-17 15:47:17"}
{"context":"VideoEventDispatcher","level":"debug","message":"📩 Dispatching \"video.ingest\"","s3Key":"vv.mp4","service":"","timestamp":"2025-10-17 15:47:17","userId":"system"}
{"context":"VideoIngestController","level":"debug","message":"Détails de l’ingestion: videoId=6f3f1c71-010d-4347-81a0-4fe01777c588, inputFile=vv.mp4","service":"","timestamp":"2025-10-17 15:47:17"}
{"context":"VideoEventDispatcher","level":"debug","message":"✅ Event \"video.ingest\" sent to queue","service":"","timestamp":"2025-10-17 15:47:17"}
{"context":"IngestWorker","level":"info","message":"🏃 Job 1 started","service":"","timestamp":"2025-10-17 15:47:17"}
{"context":"IngestWorker","level":"debug","message":"🎬 Processing job 1 from queue \"video.ingest\"","service":"","timestamp":"2025-10-17 15:47:17"}
{"context":"IngestWorker","level":"debug","message":"📦 Job data: {\"userId\":\"system\",\"s3Key\":\"vv.mp4\"}","service":"","timestamp":"2025-10-17 15:47:17"}
{"context":"IngestWorker","level":"info","message":"Received job 1 for event video.ingest","service":"","timestamp":"2025-10-17 15:47:17"}
{"context":"IngestWorker","level":"debug","message":"Job data: {\"userId\":\"system\",\"s3Key\":\"vv.mp4\"}","service":"","timestamp":"2025-10-17 15:47:17"}
{"context":"IngestWorker","level":"info","message":"Processing ingest job for s3Key=vv.mp4","service":"","timestamp":"2025-10-17 15:47:17"}
{"context":"IngestWorker","level":"info","message":"Downloaded vv.mp4 => /tmp/vv.mp4 (122.66MB)","service":"","timestamp":"2025-10-17 15:47:22"}
{"context":"VideoEventDispatcher","level":"debug","localPath":"/tmp/vv.mp4","message":"📩 Dispatching \"video.downloaded\"","s3Key":"vv.mp4","service":"","size":128622827,"timestamp":"2025-10-17 15:47:22","userId":"system"}
{"context":"VideoEventDispatcher","level":"debug","message":"✅ Event \"video.downloaded\" sent to queue","service":"","timestamp":"2025-10-17 15:47:22"}
{"context":"IngestWorker","level":"info","message":"✅ Ingest completed for vv.mp4","service":"","timestamp":"2025-10-17 15:47:22"}
{"context":"IngestWorker","level":"info","message":"✅ Job 1 completed successfully","service":"","timestamp":"2025-10-17 15:47:22"}
{"context":"IngestWorker","level":"info","message":"✅ Job 1 completed","service":"","timestamp":"2025-10-17 15:47:22"}
{"context":"VideoSplitterWorker","level":"info","message":"🏃 Job 1 started","service":"","timestamp":"2025-10-17 15:47:22"}
{"context":"VideoSplitterWorker","level":"debug","message":"🎬 Processing job 1 from queue \"video.downloaded\"","service":"","timestamp":"2025-10-17 15:47:22"}
{"context":"VideoSplitterWorker","level":"debug","message":"📦 Job data: {\"s3Key\":\"vv.mp4\",\"localPath\":\"/tmp/vv.mp4\",\"size\":128622827,\"userId\":\"system\"}","service":"","timestamp":"2025-10-17 15:47:22"}
{"context":"VideoEventDispatcher","error":"Échec du traitement: ENOENT: no such file or directory, stat 'vv.mp4'","level":"debug","message":"📩 Dispatching \"video.processing.failed\"","s3Key":"vv.mp4","service":"","timestamp":"2025-10-17 15:47:22"}
{"context":"VideoEventDispatcher","level":"debug","message":"✅ Event \"video.processing.failed\" sent to queue","service":"","timestamp":"2025-10-17 15:47:22"}
{"context":"VideoSplitterWorker","error":{"message":"Échec du traitement: ENOENT: no such file or directory, stat 'vv.mp4'","name":"InternalServerErrorException","stack":"InternalServerErrorException: Échec du traitement: ENOENT: no such file or directory, stat 'vv.mp4'\n    at VideoSplitterService.processVideo (/home/marc/Bureau/projets/safliix-back/apps/video-processor/dist/webpack:/@safliix-back/video-processor/src/app/services/video-splitter.service.ts:69:1)\n    at VideoSplitterWorker.processJob (/home/marc/Bureau/projets/safliix-back/apps/video-processor/dist/webpack:/@safliix-back/video-processor/src/app/workers/video-splitter.worker.ts:39:29)\n    at VideoSplitterWorker.safeProcess (/home/marc/Bureau/projets/safliix-back/apps/video-processor/dist/webpack:/@safliix-back/video-processor/src/app/workers/base.worker.ts:43:1)\n    at Worker.processFn (/home/marc/Bureau/projets/safliix-back/apps/video-processor/dist/webpack:/@safliix-back/video-processor/src/app/workers/base.worker.ts:25:1)\n    at /home/marc/Bureau/projets/safliix-back/node_modules/bullmq/src/classes/worker.ts:881:26\n    at Worker.retryIfFailed (/home/marc/Bureau/projets/safliix-back/node_modules/bullmq/src/classes/worker.ts:1250:16)"},"level":"error","message":"💥 Job 1 failed","service":"","timestamp":"2025-10-17 15:47:22"}
{"context":"VideoSplitterWorker","error":{"message":"Échec du traitement: ENOENT: no such file or directory, stat 'vv.mp4'","name":"InternalServerErrorException","stack":"InternalServerErrorException: Échec du traitement: ENOENT: no such file or directory, stat 'vv.mp4'\n    at VideoSplitterService.processVideo (/home/marc/Bureau/projets/safliix-back/apps/video-processor/dist/webpack:/@safliix-back/video-processor/src/app/services/video-splitter.service.ts:69:1)\n    at VideoSplitterWorker.processJob (/home/marc/Bureau/projets/safliix-back/apps/video-processor/dist/webpack:/@safliix-back/video-processor/src/app/workers/video-splitter.worker.ts:39:29)\n    at VideoSplitterWorker.safeProcess (/home/marc/Bureau/projets/safliix-back/apps/video-processor/dist/webpack:/@safliix-back/video-processor/src/app/workers/base.worker.ts:43:1)\n    at Worker.processFn (/home/marc/Bureau/projets/safliix-back/apps/video-processor/dist/webpack:/@safliix-back/video-processor/src/app/workers/base.worker.ts:25:1)\n    at /home/marc/Bureau/projets/safliix-back/node_modules/bullmq/src/classes/worker.ts:881:26\n    at Worker.retryIfFailed (/home/marc/Bureau/projets/safliix-back/node_modules/bullmq/src/classes/worker.ts:1250:16)"},"level":"error","message":"❌ Job 1 failed","service":"","timestamp":"2025-10-17 15:47:22"}
{"context":"VideoSplitterWorker","level":"info","message":"🏃 Job 1 started","service":"","timestamp":"2025-10-17 15:47:27"}
{"context":"VideoSplitterWorker","level":"debug","message":"🎬 Processing job 1 from queue \"video.downloaded\"","service":"","timestamp":"2025-10-17 15:47:27"}
{"context":"VideoSplitterWorker","level":"debug","message":"📦 Job data: {\"s3Key\":\"vv.mp4\",\"localPath\":\"/tmp/vv.mp4\",\"size\":128622827,\"userId\":\"system\"}","service":"","timestamp":"2025-10-17 15:47:27"}
{"context":"VideoEventDispatcher","error":"Échec du traitement: ENOENT: no such file or directory, stat 'vv.mp4'","level":"debug","message":"📩 Dispatching \"video.processing.failed\"","s3Key":"vv.mp4","service":"","timestamp":"2025-10-17 15:47:27"}
{"context":"VideoEventDispatcher","level":"debug","message":"✅ Event \"video.processing.failed\" sent to queue","service":"","timestamp":"2025-10-17 15:47:27"}
{"context":"VideoSplitterWorker","error":{"message":"Échec du traitement: ENOENT: no such file or directory, stat 'vv.mp4'","name":"InternalServerErrorException","stack":"InternalServerErrorException: Échec du traitement: ENOENT: no such file or directory, stat 'vv.mp4'\n    at VideoSplitterService.processVideo (/home/marc/Bureau/projets/safliix-back/apps/video-processor/dist/webpack:/@safliix-back/video-processor/src/app/services/video-splitter.service.ts:69:1)\n    at VideoSplitterWorker.processJob (/home/marc/Bureau/projets/safliix-back/apps/video-processor/dist/webpack:/@safliix-back/video-processor/src/app/workers/video-splitter.worker.ts:39:29)\n    at VideoSplitterWorker.safeProcess (/home/marc/Bureau/projets/safliix-back/apps/video-processor/dist/webpack:/@safliix-back/video-processor/src/app/workers/base.worker.ts:43:1)\n    at Worker.processFn (/home/marc/Bureau/projets/safliix-back/apps/video-processor/dist/webpack:/@safliix-back/video-processor/src/app/workers/base.worker.ts:25:1)\n    at /home/marc/Bureau/projets/safliix-back/node_modules/bullmq/src/classes/worker.ts:881:26\n    at Worker.retryIfFailed (/home/marc/Bureau/projets/safliix-back/node_modules/bullmq/src/classes/worker.ts:1250:16)"},"level":"error","message":"💥 Job 1 failed","service":"","timestamp":"2025-10-17 15:47:27"}
{"context":"VideoSplitterWorker","error":{"message":"Échec du traitement: ENOENT: no such file or directory, stat 'vv.mp4'","name":"InternalServerErrorException","stack":"InternalServerErrorException: Échec du traitement: ENOENT: no such file or directory, stat 'vv.mp4'\n    at VideoSplitterService.processVideo (/home/marc/Bureau/projets/safliix-back/apps/video-processor/dist/webpack:/@safliix-back/video-processor/src/app/services/video-splitter.service.ts:69:1)\n    at VideoSplitterWorker.processJob (/home/marc/Bureau/projets/safliix-back/apps/video-processor/dist/webpack:/@safliix-back/video-processor/src/app/workers/video-splitter.worker.ts:39:29)\n    at VideoSplitterWorker.safeProcess (/home/marc/Bureau/projets/safliix-back/apps/video-processor/dist/webpack:/@safliix-back/video-processor/src/app/workers/base.worker.ts:43:1)\n    at Worker.processFn (/home/marc/Bureau/projets/safliix-back/apps/video-processor/dist/webpack:/@safliix-back/video-processor/src/app/workers/base.worker.ts:25:1)\n    at /home/marc/Bureau/projets/safliix-back/node_modules/bullmq/src/classes/worker.ts:881:26\n    at Worker.retryIfFailed (/home/marc/Bureau/projets/safliix-back/node_modules/bullmq/src/classes/worker.ts:1250:16)"},"level":"error","message":"❌ Job 1 failed","service":"","timestamp":"2025-10-17 15:47:27"}
{"context":"VideoSplitterWorker","level":"info","message":"🏃 Job 1 started","service":"","timestamp":"2025-10-17 15:47:37"}
{"context":"VideoSplitterWorker","level":"debug","message":"🎬 Processing job 1 from queue \"video.downloaded\"","service":"","timestamp":"2025-10-17 15:47:37"}
{"context":"VideoSplitterWorker","level":"debug","message":"📦 Job data: {\"s3Key\":\"vv.mp4\",\"localPath\":\"/tmp/vv.mp4\",\"size\":128622827,\"userId\":\"system\"}","service":"","timestamp":"2025-10-17 15:47:37"}
{"context":"VideoEventDispatcher","error":"Échec du traitement: ENOENT: no such file or directory, stat 'vv.mp4'","level":"debug","message":"📩 Dispatching \"video.processing.failed\"","s3Key":"vv.mp4","service":"","timestamp":"2025-10-17 15:47:37"}
{"context":"VideoEventDispatcher","level":"debug","message":"✅ Event \"video.processing.failed\" sent to queue","service":"","timestamp":"2025-10-17 15:47:37"}
{"context":"VideoSplitterWorker","error":{"message":"Échec du traitement: ENOENT: no such file or directory, stat 'vv.mp4'","name":"InternalServerErrorException","stack":"InternalServerErrorException: Échec du traitement: ENOENT: no such file or directory, stat 'vv.mp4'\n    at VideoSplitterService.processVideo (/home/marc/Bureau/projets/safliix-back/apps/video-processor/dist/webpack:/@safliix-back/video-processor/src/app/services/video-splitter.service.ts:69:1)\n    at VideoSplitterWorker.processJob (/home/marc/Bureau/projets/safliix-back/apps/video-processor/dist/webpack:/@safliix-back/video-processor/src/app/workers/video-splitter.worker.ts:39:29)\n    at VideoSplitterWorker.safeProcess (/home/marc/Bureau/projets/safliix-back/apps/video-processor/dist/webpack:/@safliix-back/video-processor/src/app/workers/base.worker.ts:43:1)\n    at Worker.processFn (/home/marc/Bureau/projets/safliix-back/apps/video-processor/dist/webpack:/@safliix-back/video-processor/src/app/workers/base.worker.ts:25:1)\n    at /home/marc/Bureau/projets/safliix-back/node_modules/bullmq/src/classes/worker.ts:881:26\n    at Worker.retryIfFailed (/home/marc/Bureau/projets/safliix-back/node_modules/bullmq/src/classes/worker.ts:1250:16)"},"level":"error","message":"💥 Job 1 failed","service":"","timestamp":"2025-10-17 15:47:37"}
{"context":"VideoSplitterWorker","error":{"message":"Échec du traitement: ENOENT: no such file or directory, stat 'vv.mp4'","name":"InternalServerErrorException","stack":"InternalServerErrorException: Échec du traitement: ENOENT: no such file or directory, stat 'vv.mp4'\n    at VideoSplitterService.processVideo (/home/marc/Bureau/projets/safliix-back/apps/video-processor/dist/webpack:/@safliix-back/video-processor/src/app/services/video-splitter.service.ts:69:1)\n    at VideoSplitterWorker.processJob (/home/marc/Bureau/projets/safliix-back/apps/video-processor/dist/webpack:/@safliix-back/video-processor/src/app/workers/video-splitter.worker.ts:39:29)\n    at VideoSplitterWorker.safeProcess (/home/marc/Bureau/projets/safliix-back/apps/video-processor/dist/webpack:/@safliix-back/video-processor/src/app/workers/base.worker.ts:43:1)\n    at Worker.processFn (/home/marc/Bureau/projets/safliix-back/apps/video-processor/dist/webpack:/@safliix-back/video-processor/src/app/workers/base.worker.ts:25:1)\n    at /home/marc/Bureau/projets/safliix-back/node_modules/bullmq/src/classes/worker.ts:881:26\n    at Worker.retryIfFailed (/home/marc/Bureau/projets/safliix-back/node_modules/bullmq/src/classes/worker.ts:1250:16)"},"level":"error","message":"❌ Job 1 failed","service":"","timestamp":"2025-10-17 15:47:37"}
{"context":"UploadWorker","level":"info","message":"🎯 UploadWorker initialized for queue \"video.assembly.done\"","service":"","timestamp":"2025-10-17 16:10:09"}
{"context":"UploadWorker","level":"info","message":"🚀 UploaderWorker prêt — écoute video.assembly.done","service":"","timestamp":"2025-10-17 16:10:09"}
{"context":"PlaylistAssemblerWorker","level":"info","message":"🎯 PlaylistAssemblerWorker initialized for queue \"video.segmented\"","service":"","timestamp":"2025-10-17 16:10:09"}
{"context":"VideoSplitterWorker","level":"info","message":"🎯 VideoSplitterWorker initialized for queue \"video.downloaded\"","service":"","timestamp":"2025-10-17 16:10:09"}
{"context":"VideoSplitterWorker","level":"info","message":"🚀 Dedicated Redis connection established for VideoSplitterWorker","service":"","timestamp":"2025-10-17 16:10:09"}
{"context":"IngestWorker","level":"info","message":"🎯 IngestWorker initialized for queue \"video.ingest\"","service":"","timestamp":"2025-10-17 16:10:09"}
{"context":"IngestWorker","level":"info","message":"🚀 IngestWorker prêt — écoute video.ingest","service":"","timestamp":"2025-10-17 16:10:09"}
{"context":"VideoEncodingWorker","level":"info","message":"🎯 VideoEncodingWorker initialized for queue \"video.part.ready\"","service":"","timestamp":"2025-10-17 16:10:09"}
{"context":"VideoEncodingWorker","level":"info","message":"🚀 VideoEncodingWorker prêt — écoute video.part.ready","service":"","timestamp":"2025-10-17 16:10:09"}
{"context":"VideoEventWorker","level":"info","message":"🎯 VideoEventWorker initialized for queue \"video.event\"","service":"","timestamp":"2025-10-17 16:10:09"}
{"context":"VideoEventWorker","level":"info","message":"🚀 VideoEventWorker initialisé","service":"","timestamp":"2025-10-17 16:10:09"}
{"context":"UploadWorker","level":"info","message":"👂 Worker ready and waiting for jobs","service":"","timestamp":"2025-10-17 16:10:09"}
{"context":"PlaylistAssemblerWorker","level":"info","message":"👂 Worker ready and waiting for jobs","service":"","timestamp":"2025-10-17 16:10:09"}
{"context":"VideoSplitterWorker","level":"info","message":"👂 Worker ready and waiting for jobs","service":"","timestamp":"2025-10-17 16:10:09"}
{"context":"IngestWorker","level":"info","message":"👂 Worker ready and waiting for jobs","service":"","timestamp":"2025-10-17 16:10:09"}
{"context":"VideoEventWorker","level":"info","message":"👂 Worker ready and waiting for jobs","service":"","timestamp":"2025-10-17 16:10:09"}
{"context":"VideoEncodingWorker","level":"info","message":"👂 Worker ready and waiting for jobs","service":"","timestamp":"2025-10-17 16:10:09"}
{"context":"PlaylistAssemblerWorker","level":"info","message":"🚀 PlaylistAssemblerWorker started and listening","service":"","timestamp":"2025-10-17 16:10:09"}
{"context":"UploadWorker","level":"info","message":"🚀 UploadWorker started and listening","service":"","timestamp":"2025-10-17 16:10:09"}
{"context":"VideoEncodingWorker","level":"info","message":"🚀 VideoEncodingWorker started and listening","service":"","timestamp":"2025-10-17 16:10:09"}
{"context":"VideoSplitterWorker","level":"info","message":"🚀 VideoSplitterWorker started and listening","service":"","timestamp":"2025-10-17 16:10:09"}
{"context":"IngestWorker","level":"info","message":"🚀 IngestWorker started and listening","service":"","timestamp":"2025-10-17 16:10:09"}
{"context":"VideoEventWorker","level":"info","message":"🚀 VideoEventWorker started and listening","service":"","timestamp":"2025-10-17 16:10:09"}
{"context":"VideoIngestController","level":"info","message":"🎬 Ingestion initiale démarrée pour vv.mp4 (51881164-176f-4936-899f-38586850e11f)","service":"","timestamp":"2025-10-17 16:10:31"}
{"context":"VideoEventDispatcher","level":"debug","message":"📩 Dispatching \"video.ingest\"","s3Key":"vv.mp4","service":"","timestamp":"2025-10-17 16:10:31","userId":"system"}
{"context":"VideoIngestController","level":"debug","message":"Détails de l’ingestion: videoId=51881164-176f-4936-899f-38586850e11f, inputFile=vv.mp4","service":"","timestamp":"2025-10-17 16:10:31"}
{"context":"VideoEventDispatcher","level":"debug","message":"✅ Event \"video.ingest\" sent to queue","service":"","timestamp":"2025-10-17 16:10:31"}
{"context":"IngestWorker","level":"info","message":"🏃 Job 1 started","service":"","timestamp":"2025-10-17 16:10:31"}
{"context":"IngestWorker","level":"debug","message":"🎬 Processing job 1 from queue \"video.ingest\"","service":"","timestamp":"2025-10-17 16:10:31"}
{"context":"IngestWorker","level":"debug","message":"📦 Job data: {\"userId\":\"system\",\"s3Key\":\"vv.mp4\"}","service":"","timestamp":"2025-10-17 16:10:31"}
{"context":"IngestWorker","level":"info","message":"Received job 1 for event video.ingest","service":"","timestamp":"2025-10-17 16:10:31"}
{"context":"IngestWorker","level":"debug","message":"Job data: {\"userId\":\"system\",\"s3Key\":\"vv.mp4\"}","service":"","timestamp":"2025-10-17 16:10:31"}
{"context":"IngestWorker","level":"info","message":"Processing ingest job for s3Key=vv.mp4","service":"","timestamp":"2025-10-17 16:10:31"}
{"context":"IngestWorker","level":"info","message":"File copied to /tmp/vv.mp4","service":"","timestamp":"2025-10-17 16:10:34"}
{"context":"IngestWorker","level":"info","message":"Downloaded vv.mp4 => /tmp/vv.mp4 (122.66MB)","service":"","timestamp":"2025-10-17 16:10:34"}
{"context":"VideoEventDispatcher","level":"debug","localPath":"/tmp/vv.mp4","message":"📩 Dispatching \"video.downloaded\"","s3Key":"vv.mp4","service":"","size":128622827,"timestamp":"2025-10-17 16:10:34","userId":"system"}
{"context":"VideoEventDispatcher","level":"debug","message":"✅ Event \"video.downloaded\" sent to queue","service":"","timestamp":"2025-10-17 16:10:34"}
{"context":"IngestWorker","level":"info","message":"✅ Ingest completed for vv.mp4","service":"","timestamp":"2025-10-17 16:10:34"}
{"context":"IngestWorker","level":"info","message":"✅ Job 1 completed successfully","service":"","timestamp":"2025-10-17 16:10:34"}
{"context":"VideoSplitterWorker","level":"info","message":"🏃 Job 1 started","service":"","timestamp":"2025-10-17 16:10:34"}
{"context":"IngestWorker","level":"info","message":"✅ Job 1 completed","service":"","timestamp":"2025-10-17 16:10:34"}
{"context":"VideoSplitterWorker","level":"debug","message":"🎬 Processing job 1 from queue \"video.downloaded\"","service":"","timestamp":"2025-10-17 16:10:34"}
{"context":"VideoSplitterWorker","level":"debug","message":"📦 Job data: {\"s3Key\":\"vv.mp4\",\"localPath\":\"/tmp/vv.mp4\",\"size\":128622827,\"userId\":\"system\"}","service":"","timestamp":"2025-10-17 16:10:34"}
{"context":"VideoSplitterWorker","level":"info","message":"✂️ Starting split for video vv.mp4 at /tmp/vv.mp4","service":"","timestamp":"2025-10-17 16:10:34"}
{"context":"VideoEventDispatcher","error":"Échec du traitement: ENOENT: no such file or directory, stat 'vv.mp4'","level":"debug","message":"📩 Dispatching \"video.processing.failed\"","s3Key":"vv.mp4","service":"","timestamp":"2025-10-17 16:10:34"}
{"context":"VideoEventDispatcher","level":"debug","message":"✅ Event \"video.processing.failed\" sent to queue","service":"","timestamp":"2025-10-17 16:10:34"}
{"context":"VideoSplitterWorker","error":{"message":"Échec du traitement: ENOENT: no such file or directory, stat 'vv.mp4'","name":"InternalServerErrorException","stack":"InternalServerErrorException: Échec du traitement: ENOENT: no such file or directory, stat 'vv.mp4'\n    at VideoSplitterService.processVideo (/home/marc/Bureau/projets/safliix-back/apps/video-processor/dist/webpack:/@safliix-back/video-processor/src/app/services/video-splitter.service.ts:69:1)\n    at VideoSplitterWorker.processJob (/home/marc/Bureau/projets/safliix-back/apps/video-processor/dist/webpack:/@safliix-back/video-processor/src/app/workers/video-splitter.worker.ts:40:29)\n    at VideoSplitterWorker.safeProcess (/home/marc/Bureau/projets/safliix-back/apps/video-processor/dist/webpack:/@safliix-back/video-processor/src/app/workers/base.worker.ts:43:1)\n    at Worker.processFn (/home/marc/Bureau/projets/safliix-back/apps/video-processor/dist/webpack:/@safliix-back/video-processor/src/app/workers/base.worker.ts:25:1)\n    at /home/marc/Bureau/projets/safliix-back/node_modules/bullmq/src/classes/worker.ts:881:26\n    at Worker.retryIfFailed (/home/marc/Bureau/projets/safliix-back/node_modules/bullmq/src/classes/worker.ts:1250:16)"},"level":"error","message":"💥 Job 1 failed","service":"","timestamp":"2025-10-17 16:10:34"}
{"context":"VideoSplitterWorker","error":{"message":"Échec du traitement: ENOENT: no such file or directory, stat 'vv.mp4'","name":"InternalServerErrorException","stack":"InternalServerErrorException: Échec du traitement: ENOENT: no such file or directory, stat 'vv.mp4'\n    at VideoSplitterService.processVideo (/home/marc/Bureau/projets/safliix-back/apps/video-processor/dist/webpack:/@safliix-back/video-processor/src/app/services/video-splitter.service.ts:69:1)\n    at VideoSplitterWorker.processJob (/home/marc/Bureau/projets/safliix-back/apps/video-processor/dist/webpack:/@safliix-back/video-processor/src/app/workers/video-splitter.worker.ts:40:29)\n    at VideoSplitterWorker.safeProcess (/home/marc/Bureau/projets/safliix-back/apps/video-processor/dist/webpack:/@safliix-back/video-processor/src/app/workers/base.worker.ts:43:1)\n    at Worker.processFn (/home/marc/Bureau/projets/safliix-back/apps/video-processor/dist/webpack:/@safliix-back/video-processor/src/app/workers/base.worker.ts:25:1)\n    at /home/marc/Bureau/projets/safliix-back/node_modules/bullmq/src/classes/worker.ts:881:26\n    at Worker.retryIfFailed (/home/marc/Bureau/projets/safliix-back/node_modules/bullmq/src/classes/worker.ts:1250:16)"},"level":"error","message":"❌ Job 1 failed","service":"","timestamp":"2025-10-17 16:10:34"}
{"context":"VideoSplitterWorker","level":"info","message":"🏃 Job 1 started","service":"","timestamp":"2025-10-17 16:10:39"}
{"context":"VideoSplitterWorker","level":"debug","message":"🎬 Processing job 1 from queue \"video.downloaded\"","service":"","timestamp":"2025-10-17 16:10:39"}
{"context":"VideoSplitterWorker","level":"debug","message":"📦 Job data: {\"s3Key\":\"vv.mp4\",\"localPath\":\"/tmp/vv.mp4\",\"size\":128622827,\"userId\":\"system\"}","service":"","timestamp":"2025-10-17 16:10:39"}
{"context":"VideoSplitterWorker","level":"info","message":"✂️ Starting split for video vv.mp4 at /tmp/vv.mp4","service":"","timestamp":"2025-10-17 16:10:39"}
{"context":"VideoEventDispatcher","error":"Échec du traitement: ENOENT: no such file or directory, stat 'vv.mp4'","level":"debug","message":"📩 Dispatching \"video.processing.failed\"","s3Key":"vv.mp4","service":"","timestamp":"2025-10-17 16:10:39"}
{"context":"VideoEventDispatcher","level":"debug","message":"✅ Event \"video.processing.failed\" sent to queue","service":"","timestamp":"2025-10-17 16:10:39"}
{"context":"VideoSplitterWorker","error":{"message":"Échec du traitement: ENOENT: no such file or directory, stat 'vv.mp4'","name":"InternalServerErrorException","stack":"InternalServerErrorException: Échec du traitement: ENOENT: no such file or directory, stat 'vv.mp4'\n    at VideoSplitterService.processVideo (/home/marc/Bureau/projets/safliix-back/apps/video-processor/dist/webpack:/@safliix-back/video-processor/src/app/services/video-splitter.service.ts:69:1)\n    at VideoSplitterWorker.processJob (/home/marc/Bureau/projets/safliix-back/apps/video-processor/dist/webpack:/@safliix-back/video-processor/src/app/workers/video-splitter.worker.ts:40:29)\n    at VideoSplitterWorker.safeProcess (/home/marc/Bureau/projets/safliix-back/apps/video-processor/dist/webpack:/@safliix-back/video-processor/src/app/workers/base.worker.ts:43:1)\n    at Worker.processFn (/home/marc/Bureau/projets/safliix-back/apps/video-processor/dist/webpack:/@safliix-back/video-processor/src/app/workers/base.worker.ts:25:1)\n    at /home/marc/Bureau/projets/safliix-back/node_modules/bullmq/src/classes/worker.ts:881:26\n    at Worker.retryIfFailed (/home/marc/Bureau/projets/safliix-back/node_modules/bullmq/src/classes/worker.ts:1250:16)"},"level":"error","message":"💥 Job 1 failed","service":"","timestamp":"2025-10-17 16:10:39"}
{"context":"VideoSplitterWorker","error":{"message":"Échec du traitement: ENOENT: no such file or directory, stat 'vv.mp4'","name":"InternalServerErrorException","stack":"InternalServerErrorException: Échec du traitement: ENOENT: no such file or directory, stat 'vv.mp4'\n    at VideoSplitterService.processVideo (/home/marc/Bureau/projets/safliix-back/apps/video-processor/dist/webpack:/@safliix-back/video-processor/src/app/services/video-splitter.service.ts:69:1)\n    at VideoSplitterWorker.processJob (/home/marc/Bureau/projets/safliix-back/apps/video-processor/dist/webpack:/@safliix-back/video-processor/src/app/workers/video-splitter.worker.ts:40:29)\n    at VideoSplitterWorker.safeProcess (/home/marc/Bureau/projets/safliix-back/apps/video-processor/dist/webpack:/@safliix-back/video-processor/src/app/workers/base.worker.ts:43:1)\n    at Worker.processFn (/home/marc/Bureau/projets/safliix-back/apps/video-processor/dist/webpack:/@safliix-back/video-processor/src/app/workers/base.worker.ts:25:1)\n    at /home/marc/Bureau/projets/safliix-back/node_modules/bullmq/src/classes/worker.ts:881:26\n    at Worker.retryIfFailed (/home/marc/Bureau/projets/safliix-back/node_modules/bullmq/src/classes/worker.ts:1250:16)"},"level":"error","message":"❌ Job 1 failed","service":"","timestamp":"2025-10-17 16:10:39"}
