{"context":"UploadWorker","level":"info","message":"🎯 UploadWorker initialized for queue video.assembly.done","service":"video-encoding","timestamp":"2025-10-16 01:30:52"}
{"context":"UploadWorker","level":"info","message":"🚀 UploaderWorker prêt — écoute video.assembly.done","service":"video-encoding","timestamp":"2025-10-16 01:30:52"}
{"context":"PlaylistAssemblerWorker","level":"info","message":"🎯 PlaylistAssemblerWorker initialized for queue video.segmented","service":"video-encoding","timestamp":"2025-10-16 01:30:52"}
{"context":"VideoSplitterWorker","level":"info","message":"🎯 VideoSplitterWorker initialized for queue video.downloaded","service":"video-encoding","timestamp":"2025-10-16 01:30:52"}
{"context":"VideoSplitterWorker","level":"info","message":"🚀 Dedicated Redis connection established for VideoSplitterWorker","service":"video-encoding","timestamp":"2025-10-16 01:30:52"}
{"context":"IngestWorker","level":"info","message":"🎯 IngestWorker initialized for queue video.downloaded","service":"video-encoding","timestamp":"2025-10-16 01:30:52"}
{"context":"IngestWorker","level":"info","message":"🚀 IngestWorker prêt — écoute video.ingest","service":"video-encoding","timestamp":"2025-10-16 01:30:52"}
{"context":"VideoEncodingWorker","level":"info","message":"🎯 VideoEncodingWorker initialized for queue video.part.ready","service":"video-encoding","timestamp":"2025-10-16 01:30:52"}
{"context":"VideoEncodingWorker","level":"info","message":"🚀 VideoEncodingWorker prêt — écoute video.part.ready","service":"video-encoding","timestamp":"2025-10-16 01:30:52"}
{"context":"VideoEventWorker","level":"info","message":"🎯 VideoEventWorker initialized for queue video.events","service":"video-encoding","timestamp":"2025-10-16 01:30:52"}
{"context":"VideoEventWorker","level":"info","message":"🚀 VideoEventWorker initialisé","service":"video-encoding","timestamp":"2025-10-16 01:30:52"}
{"context":"VideoSplitterWorker","level":"info","message":"👂 Worker ready and listening for jobs","service":"video-encoding","timestamp":"2025-10-16 01:30:52"}
{"context":"PlaylistAssemblerWorker","level":"info","message":"👂 Worker ready and listening for jobs","service":"video-encoding","timestamp":"2025-10-16 01:30:52"}
{"context":"IngestWorker","level":"info","message":"👂 Worker ready and listening for jobs","service":"video-encoding","timestamp":"2025-10-16 01:30:52"}
{"context":"VideoEventWorker","level":"info","message":"👂 Worker ready and listening for jobs","service":"video-encoding","timestamp":"2025-10-16 01:30:52"}
{"context":"UploadWorker","level":"info","message":"👂 Worker ready and listening for jobs","service":"video-encoding","timestamp":"2025-10-16 01:30:52"}
{"context":"VideoEncodingWorker","level":"info","message":"👂 Worker ready and listening for jobs","service":"video-encoding","timestamp":"2025-10-16 01:30:52"}
{"context":"VideoEncodingWorker","level":"info","message":"🚀 VideoEncodingWorker initialized","service":"video-encoding","timestamp":"2025-10-16 01:30:52"}
{"context":"PlaylistAssemblerWorker","level":"info","message":"🚀 PlaylistAssemblerWorker initialized","service":"video-encoding","timestamp":"2025-10-16 01:30:52"}
{"context":"UploadWorker","level":"info","message":"🚀 UploadWorker initialized","service":"video-encoding","timestamp":"2025-10-16 01:30:52"}
{"context":"VideoSplitterWorker","level":"info","message":"🚀 VideoSplitterWorker initialized","service":"video-encoding","timestamp":"2025-10-16 01:30:52"}
{"context":"IngestWorker","level":"info","message":"🚀 IngestWorker initialized","service":"video-encoding","timestamp":"2025-10-16 01:30:52"}
{"context":"VideoEventWorker","level":"info","message":"🚀 VideoEventWorker initialized","service":"video-encoding","timestamp":"2025-10-16 01:30:52"}
{"context":"VideoIngestController","level":"info","message":"🎬 Ingestion initiale démarrée pour vv.mp4 (3af874ed-9a8a-4ccc-af97-472ffef1975e)","service":"video-encoding","timestamp":"2025-10-16 01:31:33"}
{"context":"VideoEventDispatcher","level":"debug","message":"📩 Dispatch event video.ingest","payload":{"s3Key":"vv.mp4","userId":"system"},"service":"video-encoding","timestamp":"2025-10-16 01:31:33"}
{"context":"VideoEventDispatcher","level":"debug","message":"✅ Event \"video.ingest\" dispatched successfully","service":"video-encoding","timestamp":"2025-10-16 01:31:33"}
{"context":"UploadWorker","level":"info","message":"🎯 UploadWorker initialized for queue video.assembly.done","service":"video-encoding","timestamp":"2025-10-16 01:36:40"}
{"context":"UploadWorker","level":"info","message":"🚀 UploaderWorker prêt — écoute video.assembly.done","service":"video-encoding","timestamp":"2025-10-16 01:36:40"}
{"context":"PlaylistAssemblerWorker","level":"info","message":"🎯 PlaylistAssemblerWorker initialized for queue video.segmented","service":"video-encoding","timestamp":"2025-10-16 01:36:40"}
{"context":"VideoSplitterWorker","level":"info","message":"🎯 VideoSplitterWorker initialized for queue video.downloaded","service":"video-encoding","timestamp":"2025-10-16 01:36:40"}
{"context":"VideoSplitterWorker","level":"info","message":"🚀 Dedicated Redis connection established for VideoSplitterWorker","service":"video-encoding","timestamp":"2025-10-16 01:36:40"}
{"context":"IngestWorker","level":"info","message":"🎯 IngestWorker initialized for queue video.downloaded","service":"video-encoding","timestamp":"2025-10-16 01:36:40"}
{"context":"IngestWorker","level":"info","message":"🚀 IngestWorker prêt — écoute video.ingest","service":"video-encoding","timestamp":"2025-10-16 01:36:40"}
{"context":"VideoEncodingWorker","level":"info","message":"🎯 VideoEncodingWorker initialized for queue video.part.ready","service":"video-encoding","timestamp":"2025-10-16 01:36:40"}
{"context":"VideoEncodingWorker","level":"info","message":"🚀 VideoEncodingWorker prêt — écoute video.part.ready","service":"video-encoding","timestamp":"2025-10-16 01:36:40"}
{"context":"VideoEventWorker","level":"info","message":"🎯 VideoEventWorker initialized for queue video.events","service":"video-encoding","timestamp":"2025-10-16 01:36:40"}
{"context":"VideoEventWorker","level":"info","message":"🚀 VideoEventWorker initialisé","service":"video-encoding","timestamp":"2025-10-16 01:36:40"}
{"context":"UploadWorker","level":"info","message":"👂 Worker ready and listening for jobs","service":"video-encoding","timestamp":"2025-10-16 01:36:40"}
{"context":"PlaylistAssemblerWorker","level":"info","message":"👂 Worker ready and listening for jobs","service":"video-encoding","timestamp":"2025-10-16 01:36:40"}
{"context":"VideoSplitterWorker","level":"info","message":"👂 Worker ready and listening for jobs","service":"video-encoding","timestamp":"2025-10-16 01:36:40"}
{"context":"IngestWorker","level":"info","message":"👂 Worker ready and listening for jobs","service":"video-encoding","timestamp":"2025-10-16 01:36:40"}
{"context":"VideoEventWorker","level":"info","message":"👂 Worker ready and listening for jobs","service":"video-encoding","timestamp":"2025-10-16 01:36:40"}
{"context":"VideoEncodingWorker","level":"info","message":"👂 Worker ready and listening for jobs","service":"video-encoding","timestamp":"2025-10-16 01:36:40"}
{"context":"VideoEncodingWorker","level":"info","message":"🚀 VideoEncodingWorker initialized","service":"video-encoding","timestamp":"2025-10-16 01:36:40"}
{"context":"PlaylistAssemblerWorker","level":"info","message":"🚀 PlaylistAssemblerWorker initialized","service":"video-encoding","timestamp":"2025-10-16 01:36:40"}
{"context":"UploadWorker","level":"info","message":"🚀 UploadWorker initialized","service":"video-encoding","timestamp":"2025-10-16 01:36:40"}
{"context":"VideoSplitterWorker","level":"info","message":"🚀 VideoSplitterWorker initialized","service":"video-encoding","timestamp":"2025-10-16 01:36:40"}
{"context":"IngestWorker","level":"info","message":"🚀 IngestWorker initialized","service":"video-encoding","timestamp":"2025-10-16 01:36:40"}
{"context":"VideoEventWorker","level":"info","message":"🚀 VideoEventWorker initialized","service":"video-encoding","timestamp":"2025-10-16 01:36:40"}
{"context":"VideoIngestController","level":"info","message":"🎬 Ingestion initiale démarrée pour vv.mp4 (494b22ac-d3de-423a-8b09-e1514a1c4553)","service":"video-encoding","timestamp":"2025-10-16 01:37:10"}
{"context":"VideoEventDispatcher","level":"debug","message":"📩 Dispatch event video.ingest","payload":{"s3Key":"vv.mp4","userId":"system"},"service":"video-encoding","timestamp":"2025-10-16 01:37:10"}
{"context":"VideoEventDispatcher","level":"debug","message":"✅ Event \"video.ingest\" dispatched successfully","service":"video-encoding","timestamp":"2025-10-16 01:37:10"}
{"context":"UploadWorker","level":"info","message":"🎯 UploadWorker initialized for queue video.assembly.done","service":"video-encoding","timestamp":"2025-10-16 02:29:08"}
{"context":"UploadWorker","level":"info","message":"🚀 UploaderWorker prêt — écoute video.assembly.done","service":"video-encoding","timestamp":"2025-10-16 02:29:08"}
{"context":"PlaylistAssemblerWorker","level":"info","message":"🎯 PlaylistAssemblerWorker initialized for queue video.event","service":"video-encoding","timestamp":"2025-10-16 02:29:08"}
{"context":"VideoSplitterWorker","level":"info","message":"🎯 VideoSplitterWorker initialized for queue video.event","service":"video-encoding","timestamp":"2025-10-16 02:29:08"}
{"context":"VideoSplitterWorker","level":"info","message":"🚀 Dedicated Redis connection established for VideoSplitterWorker","service":"video-encoding","timestamp":"2025-10-16 02:29:08"}
{"context":"IngestWorker","level":"info","message":"🎯 IngestWorker initialized for queue video.event","service":"video-encoding","timestamp":"2025-10-16 02:29:08"}
{"context":"IngestWorker","level":"info","message":"🚀 IngestWorker prêt — écoute video.ingest","service":"video-encoding","timestamp":"2025-10-16 02:29:08"}
{"context":"VideoEncodingWorker","level":"info","message":"🎯 VideoEncodingWorker initialized for queue video.event","service":"video-encoding","timestamp":"2025-10-16 02:29:08"}
{"context":"VideoEncodingWorker","level":"info","message":"🚀 VideoEncodingWorker prêt — écoute video.part.ready","service":"video-encoding","timestamp":"2025-10-16 02:29:08"}
{"context":"VideoEventWorker","level":"info","message":"🎯 VideoEventWorker initialized for queue video.events","service":"video-encoding","timestamp":"2025-10-16 02:29:08"}
{"context":"VideoEventWorker","level":"info","message":"🚀 VideoEventWorker initialisé","service":"video-encoding","timestamp":"2025-10-16 02:29:08"}
{"context":"UploadWorker","level":"info","message":"👂 Worker ready and listening for jobs","service":"video-encoding","timestamp":"2025-10-16 02:29:09"}
{"context":"PlaylistAssemblerWorker","level":"info","message":"👂 Worker ready and listening for jobs","service":"video-encoding","timestamp":"2025-10-16 02:29:09"}
{"context":"VideoSplitterWorker","level":"info","message":"👂 Worker ready and listening for jobs","service":"video-encoding","timestamp":"2025-10-16 02:29:09"}
{"context":"IngestWorker","level":"info","message":"👂 Worker ready and listening for jobs","service":"video-encoding","timestamp":"2025-10-16 02:29:09"}
{"context":"VideoEncodingWorker","level":"info","message":"👂 Worker ready and listening for jobs","service":"video-encoding","timestamp":"2025-10-16 02:29:09"}
{"context":"VideoEventWorker","level":"info","message":"👂 Worker ready and listening for jobs","service":"video-encoding","timestamp":"2025-10-16 02:29:09"}
{"context":"VideoEncodingWorker","level":"info","message":"🚀 VideoEncodingWorker initialized","service":"video-encoding","timestamp":"2025-10-16 02:29:09"}
{"context":"PlaylistAssemblerWorker","level":"info","message":"🚀 PlaylistAssemblerWorker initialized","service":"video-encoding","timestamp":"2025-10-16 02:29:09"}
{"context":"UploadWorker","level":"info","message":"🚀 UploadWorker initialized","service":"video-encoding","timestamp":"2025-10-16 02:29:09"}
{"context":"VideoSplitterWorker","level":"info","message":"🚀 VideoSplitterWorker initialized","service":"video-encoding","timestamp":"2025-10-16 02:29:09"}
{"context":"IngestWorker","level":"info","message":"🚀 IngestWorker initialized","service":"video-encoding","timestamp":"2025-10-16 02:29:09"}
{"context":"VideoEventWorker","level":"info","message":"🚀 VideoEventWorker initialized","service":"video-encoding","timestamp":"2025-10-16 02:29:09"}
{"context":"VideoIngestController","level":"info","message":"🎬 Ingestion initiale démarrée pour vv.mp4 (c8051c36-41a6-45af-9edb-8c812f911fff)","service":"video-encoding","timestamp":"2025-10-16 02:29:28"}
{"context":"VideoEventDispatcher","level":"debug","message":"📩 Dispatch event video.ingest","payload":{"s3Key":"vv.mp4","userId":"system"},"service":"video-encoding","timestamp":"2025-10-16 02:29:28"}
{"context":"VideoEventDispatcher","level":"debug","message":"✅ Event \"video.ingest\" dispatched successfully","service":"video-encoding","timestamp":"2025-10-16 02:29:28"}
{"context":"PlaylistAssemblerWorker","level":"info","message":"🎬 Job 1 started","service":"video-encoding","timestamp":"2025-10-16 02:29:28"}
{"context":"PlaylistAssemblerWorker","error":{"message":"Cannot read properties of undefined (reading 's3Key')","name":"TypeError","stack":"TypeError: Cannot read properties of undefined (reading 's3Key')\n    at PlaylistAssemblerWorker.processJob (/home/marc/Bureau/projets/safliix-back/apps/video-processor/dist/webpack:/@safliix-back/video-processor/src/app/workers/playlist-assembler.worker.ts:47:93)\n    at Worker.processFn (/home/marc/Bureau/projets/safliix-back/apps/video-processor/dist/webpack:/@safliix-back/video-processor/src/app/workers/base.worker.ts:27:1)\n    at Worker.callProcessJob (/home/marc/Bureau/projets/safliix-back/node_modules/bullmq/src/classes/worker.ts:369:17)\n    at /home/marc/Bureau/projets/safliix-back/node_modules/bullmq/src/classes/worker.ts:881:37\n    at trace (/home/marc/Bureau/projets/safliix-back/node_modules/bullmq/src/utils/index.ts:344:12)\n    at Worker.trace (/home/marc/Bureau/projets/safliix-back/node_modules/bullmq/src/classes/queue-base.ts:204:17)\n    at Worker.processJob (/home/marc/Bureau/projets/safliix-back/node_modules/bullmq/src/classes/worker.ts:848:17)\n    at /home/marc/Bureau/projets/safliix-back/node_modules/bullmq/src/classes/worker.ts:552:20\n    at Worker.retryIfFailed (/home/marc/Bureau/projets/safliix-back/node_modules/bullmq/src/classes/worker.ts:1250:22)\n    at Worker.mainLoop (/home/marc/Bureau/projets/safliix-back/node_modules/bullmq/src/classes/worker.ts:550:16)"},"level":"error","message":"💥 Job 1 failed","service":"video-encoding","timestamp":"2025-10-16 02:29:28"}
{"context":"VideoSplitterWorker","level":"info","message":"🎬 Job 1 started","service":"video-encoding","timestamp":"2025-10-16 02:29:33"}
{"context":"VideoSplitterWorker","level":"info","message":"✅ Job 1 completed","service":"video-encoding","timestamp":"2025-10-16 02:29:33"}
{"context":"UploadWorker","level":"info","message":"🎯 UploadWorker initialized for queue video.assembly.done","service":"video-encoding","timestamp":"2025-10-16 02:32:52"}
{"context":"UploadWorker","level":"info","message":"🚀 UploaderWorker prêt — écoute video.assembly.done","service":"video-encoding","timestamp":"2025-10-16 02:32:52"}
{"context":"PlaylistAssemblerWorker","level":"info","message":"🎯 PlaylistAssemblerWorker initialized for queue video.event","service":"video-encoding","timestamp":"2025-10-16 02:32:52"}
{"context":"VideoSplitterWorker","level":"info","message":"🎯 VideoSplitterWorker initialized for queue video.event","service":"video-encoding","timestamp":"2025-10-16 02:32:52"}
{"context":"VideoSplitterWorker","level":"info","message":"🚀 Dedicated Redis connection established for VideoSplitterWorker","service":"video-encoding","timestamp":"2025-10-16 02:32:52"}
{"context":"IngestWorker","level":"info","message":"🎯 IngestWorker initialized for queue video.event","service":"video-encoding","timestamp":"2025-10-16 02:32:52"}
{"context":"IngestWorker","level":"info","message":"🚀 IngestWorker prêt — écoute video.ingest","service":"video-encoding","timestamp":"2025-10-16 02:32:52"}
{"context":"VideoEncodingWorker","level":"info","message":"🎯 VideoEncodingWorker initialized for queue video.event","service":"video-encoding","timestamp":"2025-10-16 02:32:52"}
{"context":"VideoEncodingWorker","level":"info","message":"🚀 VideoEncodingWorker prêt — écoute video.part.ready","service":"video-encoding","timestamp":"2025-10-16 02:32:52"}
{"context":"VideoEventWorker","level":"info","message":"🎯 VideoEventWorker initialized for queue video.events","service":"video-encoding","timestamp":"2025-10-16 02:32:52"}
{"context":"VideoEventWorker","level":"info","message":"🚀 VideoEventWorker initialisé","service":"video-encoding","timestamp":"2025-10-16 02:32:52"}
{"context":"UploadWorker","level":"info","message":"👂 Worker ready and listening for jobs","service":"video-encoding","timestamp":"2025-10-16 02:32:52"}
{"context":"PlaylistAssemblerWorker","level":"info","message":"👂 Worker ready and listening for jobs","service":"video-encoding","timestamp":"2025-10-16 02:32:52"}
{"context":"VideoSplitterWorker","level":"info","message":"👂 Worker ready and listening for jobs","service":"video-encoding","timestamp":"2025-10-16 02:32:52"}
{"context":"IngestWorker","level":"info","message":"👂 Worker ready and listening for jobs","service":"video-encoding","timestamp":"2025-10-16 02:32:52"}
{"context":"VideoEventWorker","level":"info","message":"👂 Worker ready and listening for jobs","service":"video-encoding","timestamp":"2025-10-16 02:32:53"}
{"context":"VideoEncodingWorker","level":"info","message":"👂 Worker ready and listening for jobs","service":"video-encoding","timestamp":"2025-10-16 02:32:53"}
{"context":"VideoEncodingWorker","level":"info","message":"🚀 VideoEncodingWorker initialized","service":"video-encoding","timestamp":"2025-10-16 02:32:53"}
{"context":"PlaylistAssemblerWorker","level":"info","message":"🚀 PlaylistAssemblerWorker initialized","service":"video-encoding","timestamp":"2025-10-16 02:32:53"}
{"context":"UploadWorker","level":"info","message":"🚀 UploadWorker initialized","service":"video-encoding","timestamp":"2025-10-16 02:32:53"}
{"context":"VideoSplitterWorker","level":"info","message":"🚀 VideoSplitterWorker initialized","service":"video-encoding","timestamp":"2025-10-16 02:32:53"}
{"context":"IngestWorker","level":"info","message":"🚀 IngestWorker initialized","service":"video-encoding","timestamp":"2025-10-16 02:32:53"}
{"context":"VideoEventWorker","level":"info","message":"🚀 VideoEventWorker initialized","service":"video-encoding","timestamp":"2025-10-16 02:32:53"}
{"context":"VideoIngestController","level":"info","message":"🎬 Ingestion initiale démarrée pour vv.mp4 (fcb52b92-00a7-4f29-84ff-6d6175c087e9)","service":"video-encoding","timestamp":"2025-10-16 02:33:03"}
{"context":"VideoEventDispatcher","level":"debug","message":"📩 Dispatch event video.ingest","payload":{"s3Key":"vv.mp4","userId":"system"},"service":"video-encoding","timestamp":"2025-10-16 02:33:03"}
{"context":"VideoEventDispatcher","level":"debug","message":"✅ Event \"video.ingest\" dispatched successfully","service":"video-encoding","timestamp":"2025-10-16 02:33:03"}
{"context":"VideoEncodingWorker","level":"info","message":"🎬 Job 1 started","service":"video-encoding","timestamp":"2025-10-16 02:33:03"}
{"context":"VideoEncodingWorker","error":{"message":"Cannot read properties of undefined (reading 'part')","name":"TypeError","stack":"TypeError: Cannot read properties of undefined (reading 'part')\n    at VideoEncodingWorker.processJob (/home/marc/Bureau/projets/safliix-back/apps/video-processor/dist/webpack:/@safliix-back/video-processor/src/app/workers/video-encoding.worker.ts:43:65)\n    at Worker.processFn (/home/marc/Bureau/projets/safliix-back/apps/video-processor/dist/webpack:/@safliix-back/video-processor/src/app/workers/base.worker.ts:27:1)\n    at Worker.callProcessJob (/home/marc/Bureau/projets/safliix-back/node_modules/bullmq/src/classes/worker.ts:369:17)\n    at /home/marc/Bureau/projets/safliix-back/node_modules/bullmq/src/classes/worker.ts:881:37\n    at trace (/home/marc/Bureau/projets/safliix-back/node_modules/bullmq/src/utils/index.ts:344:12)\n    at Worker.trace (/home/marc/Bureau/projets/safliix-back/node_modules/bullmq/src/classes/queue-base.ts:204:17)\n    at Worker.processJob (/home/marc/Bureau/projets/safliix-back/node_modules/bullmq/src/classes/worker.ts:848:17)\n    at /home/marc/Bureau/projets/safliix-back/node_modules/bullmq/src/classes/worker.ts:552:20\n    at Worker.retryIfFailed (/home/marc/Bureau/projets/safliix-back/node_modules/bullmq/src/classes/worker.ts:1250:22)\n    at Worker.mainLoop (/home/marc/Bureau/projets/safliix-back/node_modules/bullmq/src/classes/worker.ts:550:16)"},"level":"error","message":"💥 Job 1 failed","service":"video-encoding","timestamp":"2025-10-16 02:33:03"}
{"context":"VideoSplitterWorker","level":"info","message":"🎬 Job 1 started","service":"video-encoding","timestamp":"2025-10-16 02:33:08"}
{"context":"VideoSplitterWorker","level":"info","message":"✅ Job 1 completed","service":"video-encoding","timestamp":"2025-10-16 02:33:08"}
{"context":"UploadWorker","level":"info","message":"🎯 UploadWorker initialized for queue video.event","service":"video-encoding","timestamp":"2025-10-16 03:21:29"}
{"context":"UploadWorker","level":"info","message":"🚀 UploaderWorker prêt — écoute video.assembly.done","service":"video-encoding","timestamp":"2025-10-16 03:21:29"}
{"context":"PlaylistAssemblerWorker","level":"info","message":"🎯 PlaylistAssemblerWorker initialized for queue video.event","service":"video-encoding","timestamp":"2025-10-16 03:21:29"}
{"context":"VideoSplitterWorker","level":"info","message":"🎯 VideoSplitterWorker initialized for queue video.event","service":"video-encoding","timestamp":"2025-10-16 03:21:29"}
{"context":"VideoSplitterWorker","level":"info","message":"🚀 Dedicated Redis connection established for VideoSplitterWorker","service":"video-encoding","timestamp":"2025-10-16 03:21:29"}
{"context":"IngestWorker","level":"info","message":"🎯 IngestWorker initialized for queue video.event","service":"video-encoding","timestamp":"2025-10-16 03:21:29"}
{"context":"IngestWorker","level":"info","message":"🚀 IngestWorker prêt — écoute video.ingest","service":"video-encoding","timestamp":"2025-10-16 03:21:29"}
{"context":"VideoEncodingWorker","level":"info","message":"🎯 VideoEncodingWorker initialized for queue video.event","service":"video-encoding","timestamp":"2025-10-16 03:21:29"}
{"context":"VideoEncodingWorker","level":"info","message":"🚀 VideoEncodingWorker prêt — écoute video.part.ready","service":"video-encoding","timestamp":"2025-10-16 03:21:29"}
{"context":"VideoEventWorker","level":"info","message":"🎯 VideoEventWorker initialized for queue video.event","service":"video-encoding","timestamp":"2025-10-16 03:21:29"}
{"context":"VideoEventWorker","level":"info","message":"🚀 VideoEventWorker initialisé","service":"video-encoding","timestamp":"2025-10-16 03:21:29"}
{"context":"UploadWorker","level":"info","message":"👂 Worker ready and listening for jobs","service":"video-encoding","timestamp":"2025-10-16 03:21:29"}
{"context":"PlaylistAssemblerWorker","level":"info","message":"👂 Worker ready and listening for jobs","service":"video-encoding","timestamp":"2025-10-16 03:21:29"}
{"context":"VideoSplitterWorker","level":"info","message":"👂 Worker ready and listening for jobs","service":"video-encoding","timestamp":"2025-10-16 03:21:29"}
{"context":"IngestWorker","level":"info","message":"👂 Worker ready and listening for jobs","service":"video-encoding","timestamp":"2025-10-16 03:21:29"}
{"context":"VideoEventWorker","level":"info","message":"👂 Worker ready and listening for jobs","service":"video-encoding","timestamp":"2025-10-16 03:21:29"}
{"context":"VideoEncodingWorker","level":"info","message":"👂 Worker ready and listening for jobs","service":"video-encoding","timestamp":"2025-10-16 03:21:29"}
{"context":"VideoEncodingWorker","level":"info","message":"🚀 VideoEncodingWorker initialized","service":"video-encoding","timestamp":"2025-10-16 03:21:29"}
{"context":"PlaylistAssemblerWorker","level":"info","message":"🚀 PlaylistAssemblerWorker initialized","service":"video-encoding","timestamp":"2025-10-16 03:21:29"}
{"context":"UploadWorker","level":"info","message":"🚀 UploadWorker initialized","service":"video-encoding","timestamp":"2025-10-16 03:21:29"}
{"context":"VideoSplitterWorker","level":"info","message":"🚀 VideoSplitterWorker initialized","service":"video-encoding","timestamp":"2025-10-16 03:21:29"}
{"context":"IngestWorker","level":"info","message":"🚀 IngestWorker initialized","service":"video-encoding","timestamp":"2025-10-16 03:21:29"}
{"context":"VideoEventWorker","level":"info","message":"🚀 VideoEventWorker initialized","service":"video-encoding","timestamp":"2025-10-16 03:21:29"}
{"context":"VideoIngestController","level":"info","message":"🎬 Ingestion initiale démarrée pour vv.mp4 (7de725d6-38ef-4e23-ba3e-377a87c6c511)","service":"video-encoding","timestamp":"2025-10-16 03:23:12"}
{"context":"VideoEventDispatcher","level":"debug","message":"📩 Dispatch event video.ingest","payload":{"s3Key":"vv.mp4","userId":"system"},"service":"video-encoding","timestamp":"2025-10-16 03:23:12"}
{"context":"VideoEventDispatcher","level":"debug","message":"✅ Event \"video.ingest\" dispatched successfully","service":"video-encoding","timestamp":"2025-10-16 03:23:12"}
{"context":"PlaylistAssemblerWorker","level":"info","message":"🎬 Job 2 started","service":"video-encoding","timestamp":"2025-10-16 03:23:12"}
{"context":"PlaylistAssemblerWorker","error":{"message":"Cannot read properties of undefined (reading 's3Key')","name":"TypeError","stack":"TypeError: Cannot read properties of undefined (reading 's3Key')\n    at PlaylistAssemblerWorker.processJob (/home/marc/Bureau/projets/safliix-back/apps/video-processor/dist/webpack:/@safliix-back/video-processor/src/app/workers/playlist-assembler.worker.ts:49:93)\n    at PlaylistAssemblerWorker.safeProcess (/home/marc/Bureau/projets/safliix-back/apps/video-processor/dist/webpack:/@safliix-back/video-processor/src/app/workers/base.worker.ts:54:1)\n    at Worker.processFn (/home/marc/Bureau/projets/safliix-back/apps/video-processor/dist/webpack:/@safliix-back/video-processor/src/app/workers/base.worker.ts:29:1)\n    at Worker.callProcessJob (/home/marc/Bureau/projets/safliix-back/node_modules/bullmq/src/classes/worker.ts:369:17)\n    at /home/marc/Bureau/projets/safliix-back/node_modules/bullmq/src/classes/worker.ts:881:37\n    at trace (/home/marc/Bureau/projets/safliix-back/node_modules/bullmq/src/utils/index.ts:344:12)\n    at Worker.trace (/home/marc/Bureau/projets/safliix-back/node_modules/bullmq/src/classes/queue-base.ts:204:17)\n    at Worker.processJob (/home/marc/Bureau/projets/safliix-back/node_modules/bullmq/src/classes/worker.ts:848:17)\n    at /home/marc/Bureau/projets/safliix-back/node_modules/bullmq/src/classes/worker.ts:552:20\n    at Worker.retryIfFailed (/home/marc/Bureau/projets/safliix-back/node_modules/bullmq/src/classes/worker.ts:1250:22)"},"level":"error","message":"❌ Error processing job: Cannot read properties of undefined (reading 's3Key')","service":"video-encoding","timestamp":"2025-10-16 03:23:12"}
{"context":"PlaylistAssemblerWorker","error":{"message":"Cannot read properties of undefined (reading 's3Key')","name":"TypeError","stack":"TypeError: Cannot read properties of undefined (reading 's3Key')\n    at PlaylistAssemblerWorker.processJob (/home/marc/Bureau/projets/safliix-back/apps/video-processor/dist/webpack:/@safliix-back/video-processor/src/app/workers/playlist-assembler.worker.ts:49:93)\n    at PlaylistAssemblerWorker.safeProcess (/home/marc/Bureau/projets/safliix-back/apps/video-processor/dist/webpack:/@safliix-back/video-processor/src/app/workers/base.worker.ts:54:1)\n    at Worker.processFn (/home/marc/Bureau/projets/safliix-back/apps/video-processor/dist/webpack:/@safliix-back/video-processor/src/app/workers/base.worker.ts:29:1)\n    at Worker.callProcessJob (/home/marc/Bureau/projets/safliix-back/node_modules/bullmq/src/classes/worker.ts:369:17)\n    at /home/marc/Bureau/projets/safliix-back/node_modules/bullmq/src/classes/worker.ts:881:37\n    at trace (/home/marc/Bureau/projets/safliix-back/node_modules/bullmq/src/utils/index.ts:344:12)\n    at Worker.trace (/home/marc/Bureau/projets/safliix-back/node_modules/bullmq/src/classes/queue-base.ts:204:17)\n    at Worker.processJob (/home/marc/Bureau/projets/safliix-back/node_modules/bullmq/src/classes/worker.ts:848:17)\n    at /home/marc/Bureau/projets/safliix-back/node_modules/bullmq/src/classes/worker.ts:552:20\n    at Worker.retryIfFailed (/home/marc/Bureau/projets/safliix-back/node_modules/bullmq/src/classes/worker.ts:1250:22)"},"level":"error","message":"💥 Job 2 failed","service":"video-encoding","timestamp":"2025-10-16 03:23:12"}
{"context":"PlaylistAssemblerWorker","level":"info","message":"🎬 Job 2 started","service":"video-encoding","timestamp":"2025-10-16 03:23:17"}
{"context":"PlaylistAssemblerWorker","error":{"message":"Cannot read properties of undefined (reading 's3Key')","name":"TypeError","stack":"TypeError: Cannot read properties of undefined (reading 's3Key')\n    at PlaylistAssemblerWorker.processJob (/home/marc/Bureau/projets/safliix-back/apps/video-processor/dist/webpack:/@safliix-back/video-processor/src/app/workers/playlist-assembler.worker.ts:49:93)\n    at PlaylistAssemblerWorker.safeProcess (/home/marc/Bureau/projets/safliix-back/apps/video-processor/dist/webpack:/@safliix-back/video-processor/src/app/workers/base.worker.ts:54:1)\n    at Worker.processFn (/home/marc/Bureau/projets/safliix-back/apps/video-processor/dist/webpack:/@safliix-back/video-processor/src/app/workers/base.worker.ts:29:1)\n    at Worker.callProcessJob (/home/marc/Bureau/projets/safliix-back/node_modules/bullmq/src/classes/worker.ts:369:17)\n    at /home/marc/Bureau/projets/safliix-back/node_modules/bullmq/src/classes/worker.ts:881:37\n    at trace (/home/marc/Bureau/projets/safliix-back/node_modules/bullmq/src/utils/index.ts:344:12)\n    at Worker.trace (/home/marc/Bureau/projets/safliix-back/node_modules/bullmq/src/classes/queue-base.ts:204:17)\n    at Worker.processJob (/home/marc/Bureau/projets/safliix-back/node_modules/bullmq/src/classes/worker.ts:848:17)\n    at /home/marc/Bureau/projets/safliix-back/node_modules/bullmq/src/classes/worker.ts:552:20\n    at Worker.retryIfFailed (/home/marc/Bureau/projets/safliix-back/node_modules/bullmq/src/classes/worker.ts:1250:22)"},"level":"error","message":"❌ Error processing job: Cannot read properties of undefined (reading 's3Key')","service":"video-encoding","timestamp":"2025-10-16 03:23:17"}
{"context":"PlaylistAssemblerWorker","error":{"message":"Cannot read properties of undefined (reading 's3Key')","name":"TypeError","stack":"TypeError: Cannot read properties of undefined (reading 's3Key')\n    at PlaylistAssemblerWorker.processJob (/home/marc/Bureau/projets/safliix-back/apps/video-processor/dist/webpack:/@safliix-back/video-processor/src/app/workers/playlist-assembler.worker.ts:49:93)\n    at PlaylistAssemblerWorker.safeProcess (/home/marc/Bureau/projets/safliix-back/apps/video-processor/dist/webpack:/@safliix-back/video-processor/src/app/workers/base.worker.ts:54:1)\n    at Worker.processFn (/home/marc/Bureau/projets/safliix-back/apps/video-processor/dist/webpack:/@safliix-back/video-processor/src/app/workers/base.worker.ts:29:1)\n    at Worker.callProcessJob (/home/marc/Bureau/projets/safliix-back/node_modules/bullmq/src/classes/worker.ts:369:17)\n    at /home/marc/Bureau/projets/safliix-back/node_modules/bullmq/src/classes/worker.ts:881:37\n    at trace (/home/marc/Bureau/projets/safliix-back/node_modules/bullmq/src/utils/index.ts:344:12)\n    at Worker.trace (/home/marc/Bureau/projets/safliix-back/node_modules/bullmq/src/classes/queue-base.ts:204:17)\n    at Worker.processJob (/home/marc/Bureau/projets/safliix-back/node_modules/bullmq/src/classes/worker.ts:848:17)\n    at /home/marc/Bureau/projets/safliix-back/node_modules/bullmq/src/classes/worker.ts:552:20\n    at Worker.retryIfFailed (/home/marc/Bureau/projets/safliix-back/node_modules/bullmq/src/classes/worker.ts:1250:22)"},"level":"error","message":"💥 Job 2 failed","service":"video-encoding","timestamp":"2025-10-16 03:23:17"}
{"context":"VideoEncodingWorker","level":"info","message":"🎬 Job 2 started","service":"video-encoding","timestamp":"2025-10-16 03:23:27"}
{"context":"VideoEncodingWorker","error":{"message":"Cannot read properties of undefined (reading 'part')","name":"TypeError","stack":"TypeError: Cannot read properties of undefined (reading 'part')\n    at VideoEncodingWorker.processJob (/home/marc/Bureau/projets/safliix-back/apps/video-processor/dist/webpack:/@safliix-back/video-processor/src/app/workers/video-encoding.worker.ts:43:65)\n    at VideoEncodingWorker.safeProcess (/home/marc/Bureau/projets/safliix-back/apps/video-processor/dist/webpack:/@safliix-back/video-processor/src/app/workers/base.worker.ts:54:1)\n    at Worker.processFn (/home/marc/Bureau/projets/safliix-back/apps/video-processor/dist/webpack:/@safliix-back/video-processor/src/app/workers/base.worker.ts:29:1)\n    at Worker.callProcessJob (/home/marc/Bureau/projets/safliix-back/node_modules/bullmq/src/classes/worker.ts:369:17)\n    at /home/marc/Bureau/projets/safliix-back/node_modules/bullmq/src/classes/worker.ts:881:37\n    at trace (/home/marc/Bureau/projets/safliix-back/node_modules/bullmq/src/utils/index.ts:344:12)\n    at Worker.trace (/home/marc/Bureau/projets/safliix-back/node_modules/bullmq/src/classes/queue-base.ts:204:17)\n    at Worker.processJob (/home/marc/Bureau/projets/safliix-back/node_modules/bullmq/src/classes/worker.ts:848:17)\n    at /home/marc/Bureau/projets/safliix-back/node_modules/bullmq/src/classes/worker.ts:552:20\n    at Worker.retryIfFailed (/home/marc/Bureau/projets/safliix-back/node_modules/bullmq/src/classes/worker.ts:1250:22)"},"level":"error","message":"❌ Error processing job: Cannot read properties of undefined (reading 'part')","service":"video-encoding","timestamp":"2025-10-16 03:23:27"}
{"context":"VideoEncodingWorker","error":{"message":"Cannot read properties of undefined (reading 'part')","name":"TypeError","stack":"TypeError: Cannot read properties of undefined (reading 'part')\n    at VideoEncodingWorker.processJob (/home/marc/Bureau/projets/safliix-back/apps/video-processor/dist/webpack:/@safliix-back/video-processor/src/app/workers/video-encoding.worker.ts:43:65)\n    at VideoEncodingWorker.safeProcess (/home/marc/Bureau/projets/safliix-back/apps/video-processor/dist/webpack:/@safliix-back/video-processor/src/app/workers/base.worker.ts:54:1)\n    at Worker.processFn (/home/marc/Bureau/projets/safliix-back/apps/video-processor/dist/webpack:/@safliix-back/video-processor/src/app/workers/base.worker.ts:29:1)\n    at Worker.callProcessJob (/home/marc/Bureau/projets/safliix-back/node_modules/bullmq/src/classes/worker.ts:369:17)\n    at /home/marc/Bureau/projets/safliix-back/node_modules/bullmq/src/classes/worker.ts:881:37\n    at trace (/home/marc/Bureau/projets/safliix-back/node_modules/bullmq/src/utils/index.ts:344:12)\n    at Worker.trace (/home/marc/Bureau/projets/safliix-back/node_modules/bullmq/src/classes/queue-base.ts:204:17)\n    at Worker.processJob (/home/marc/Bureau/projets/safliix-back/node_modules/bullmq/src/classes/worker.ts:848:17)\n    at /home/marc/Bureau/projets/safliix-back/node_modules/bullmq/src/classes/worker.ts:552:20\n    at Worker.retryIfFailed (/home/marc/Bureau/projets/safliix-back/node_modules/bullmq/src/classes/worker.ts:1250:22)"},"level":"error","message":"💥 Job 2 failed","service":"video-encoding","timestamp":"2025-10-16 03:23:27"}
{"context":"UploadWorker","level":"info","message":"🎯 UploadWorker initialized for queue video.event","service":"video-encoding","timestamp":"2025-10-16 03:40:09"}
{"context":"UploadWorker","level":"info","message":"🚀 UploaderWorker prêt — écoute video.assembly.done","service":"video-encoding","timestamp":"2025-10-16 03:40:09"}
{"context":"PlaylistAssemblerWorker","level":"info","message":"🎯 PlaylistAssemblerWorker initialized for queue video.event","service":"video-encoding","timestamp":"2025-10-16 03:40:09"}
{"context":"VideoSplitterWorker","level":"info","message":"🎯 VideoSplitterWorker initialized for queue video.event","service":"video-encoding","timestamp":"2025-10-16 03:40:09"}
{"context":"VideoSplitterWorker","level":"info","message":"🚀 Dedicated Redis connection established for VideoSplitterWorker","service":"video-encoding","timestamp":"2025-10-16 03:40:09"}
{"context":"IngestWorker","level":"info","message":"🎯 IngestWorker initialized for queue video.event","service":"video-encoding","timestamp":"2025-10-16 03:40:09"}
{"context":"IngestWorker","level":"info","message":"🚀 IngestWorker prêt — écoute video.ingest","service":"video-encoding","timestamp":"2025-10-16 03:40:09"}
{"context":"VideoEncodingWorker","level":"info","message":"🎯 VideoEncodingWorker initialized for queue video.event","service":"video-encoding","timestamp":"2025-10-16 03:40:09"}
{"context":"VideoEncodingWorker","level":"info","message":"🚀 VideoEncodingWorker prêt — écoute video.part.ready","service":"video-encoding","timestamp":"2025-10-16 03:40:09"}
{"context":"VideoEventWorker","level":"info","message":"🎯 VideoEventWorker initialized for queue video.event","service":"video-encoding","timestamp":"2025-10-16 03:40:09"}
{"context":"VideoEventWorker","level":"info","message":"🚀 VideoEventWorker initialisé","service":"video-encoding","timestamp":"2025-10-16 03:40:09"}
{"context":"UploadWorker","level":"info","message":"👂 Worker ready and listening for jobs","service":"video-encoding","timestamp":"2025-10-16 03:40:09"}
{"context":"PlaylistAssemblerWorker","level":"info","message":"👂 Worker ready and listening for jobs","service":"video-encoding","timestamp":"2025-10-16 03:40:09"}
{"context":"VideoSplitterWorker","level":"info","message":"👂 Worker ready and listening for jobs","service":"video-encoding","timestamp":"2025-10-16 03:40:09"}
{"context":"IngestWorker","level":"info","message":"👂 Worker ready and listening for jobs","service":"video-encoding","timestamp":"2025-10-16 03:40:09"}
{"context":"VideoEventWorker","level":"info","message":"👂 Worker ready and listening for jobs","service":"video-encoding","timestamp":"2025-10-16 03:40:09"}
{"context":"VideoEncodingWorker","level":"info","message":"👂 Worker ready and listening for jobs","service":"video-encoding","timestamp":"2025-10-16 03:40:09"}
{"context":"VideoEncodingWorker","level":"info","message":"🚀 VideoEncodingWorker initialized","service":"video-encoding","timestamp":"2025-10-16 03:40:09"}
{"context":"PlaylistAssemblerWorker","level":"info","message":"🚀 PlaylistAssemblerWorker initialized","service":"video-encoding","timestamp":"2025-10-16 03:40:09"}
{"context":"UploadWorker","level":"info","message":"🚀 UploadWorker initialized","service":"video-encoding","timestamp":"2025-10-16 03:40:09"}
{"context":"VideoSplitterWorker","level":"info","message":"🚀 VideoSplitterWorker initialized","service":"video-encoding","timestamp":"2025-10-16 03:40:09"}
{"context":"IngestWorker","level":"info","message":"🚀 IngestWorker initialized","service":"video-encoding","timestamp":"2025-10-16 03:40:09"}
{"context":"VideoEventWorker","level":"info","message":"🚀 VideoEventWorker initialized","service":"video-encoding","timestamp":"2025-10-16 03:40:09"}
{"context":"VideoIngestController","level":"info","message":"🎬 Ingestion initiale démarrée pour vv.mp4 (f6ba75df-16be-428b-8f19-4967babc4db8)","service":"video-encoding","timestamp":"2025-10-16 03:40:36"}
{"context":"VideoEventDispatcher","level":"debug","message":"📩 Dispatch event video.ingest","payload":{"s3Key":"vv.mp4","userId":"system"},"service":"video-encoding","timestamp":"2025-10-16 03:40:36"}
{"context":"VideoEventDispatcher","level":"debug","message":"✅ Event \"video.ingest\" dispatched successfully","service":"video-encoding","timestamp":"2025-10-16 03:40:36"}
{"context":"VideoSplitterWorker","level":"info","message":"🎬 Job 3 started","service":"video-encoding","timestamp":"2025-10-16 03:40:36"}
{"context":"VideoSplitterWorker","error":{"message":"Cannot destructure property 's3Key' of 'payload' as it is undefined.","name":"TypeError","stack":"TypeError: Cannot destructure property 's3Key' of 'payload' as it is undefined.\n    at VideoSplitterWorker.processJob (/home/marc/Bureau/projets/safliix-back/apps/video-processor/dist/webpack:/@safliix-back/video-processor/src/app/workers/video-splitter.worker.ts:37:17)\n    at VideoSplitterWorker.safeProcess (/home/marc/Bureau/projets/safliix-back/apps/video-processor/dist/webpack:/@safliix-back/video-processor/src/app/workers/base.worker.ts:54:1)\n    at Worker.processFn (/home/marc/Bureau/projets/safliix-back/apps/video-processor/dist/webpack:/@safliix-back/video-processor/src/app/workers/base.worker.ts:29:1)\n    at Worker.callProcessJob (/home/marc/Bureau/projets/safliix-back/node_modules/bullmq/src/classes/worker.ts:369:17)\n    at /home/marc/Bureau/projets/safliix-back/node_modules/bullmq/src/classes/worker.ts:881:37\n    at trace (/home/marc/Bureau/projets/safliix-back/node_modules/bullmq/src/utils/index.ts:344:12)\n    at Worker.trace (/home/marc/Bureau/projets/safliix-back/node_modules/bullmq/src/classes/queue-base.ts:204:17)\n    at Worker.processJob (/home/marc/Bureau/projets/safliix-back/node_modules/bullmq/src/classes/worker.ts:848:17)\n    at /home/marc/Bureau/projets/safliix-back/node_modules/bullmq/src/classes/worker.ts:552:20\n    at Worker.retryIfFailed (/home/marc/Bureau/projets/safliix-back/node_modules/bullmq/src/classes/worker.ts:1250:22)"},"level":"error","message":"❌ Error processing job: Cannot destructure property 's3Key' of 'payload' as it is undefined.","service":"video-encoding","timestamp":"2025-10-16 03:40:36"}
{"context":"VideoSplitterWorker","error":{"message":"Cannot destructure property 's3Key' of 'payload' as it is undefined.","name":"TypeError","stack":"TypeError: Cannot destructure property 's3Key' of 'payload' as it is undefined.\n    at VideoSplitterWorker.processJob (/home/marc/Bureau/projets/safliix-back/apps/video-processor/dist/webpack:/@safliix-back/video-processor/src/app/workers/video-splitter.worker.ts:37:17)\n    at VideoSplitterWorker.safeProcess (/home/marc/Bureau/projets/safliix-back/apps/video-processor/dist/webpack:/@safliix-back/video-processor/src/app/workers/base.worker.ts:54:1)\n    at Worker.processFn (/home/marc/Bureau/projets/safliix-back/apps/video-processor/dist/webpack:/@safliix-back/video-processor/src/app/workers/base.worker.ts:29:1)\n    at Worker.callProcessJob (/home/marc/Bureau/projets/safliix-back/node_modules/bullmq/src/classes/worker.ts:369:17)\n    at /home/marc/Bureau/projets/safliix-back/node_modules/bullmq/src/classes/worker.ts:881:37\n    at trace (/home/marc/Bureau/projets/safliix-back/node_modules/bullmq/src/utils/index.ts:344:12)\n    at Worker.trace (/home/marc/Bureau/projets/safliix-back/node_modules/bullmq/src/classes/queue-base.ts:204:17)\n    at Worker.processJob (/home/marc/Bureau/projets/safliix-back/node_modules/bullmq/src/classes/worker.ts:848:17)\n    at /home/marc/Bureau/projets/safliix-back/node_modules/bullmq/src/classes/worker.ts:552:20\n    at Worker.retryIfFailed (/home/marc/Bureau/projets/safliix-back/node_modules/bullmq/src/classes/worker.ts:1250:22)"},"level":"error","message":"💥 Job 3 failed","service":"video-encoding","timestamp":"2025-10-16 03:40:36"}
{"context":"PlaylistAssemblerWorker","level":"info","message":"🎬 Job 3 started","service":"video-encoding","timestamp":"2025-10-16 03:40:41"}
{"context":"PlaylistAssemblerWorker","error":{"message":"Cannot read properties of undefined (reading 's3Key')","name":"TypeError","stack":"TypeError: Cannot read properties of undefined (reading 's3Key')\n    at PlaylistAssemblerWorker.processJob (/home/marc/Bureau/projets/safliix-back/apps/video-processor/dist/webpack:/@safliix-back/video-processor/src/app/workers/playlist-assembler.worker.ts:49:93)\n    at PlaylistAssemblerWorker.safeProcess (/home/marc/Bureau/projets/safliix-back/apps/video-processor/dist/webpack:/@safliix-back/video-processor/src/app/workers/base.worker.ts:54:1)\n    at Worker.processFn (/home/marc/Bureau/projets/safliix-back/apps/video-processor/dist/webpack:/@safliix-back/video-processor/src/app/workers/base.worker.ts:29:1)\n    at Worker.callProcessJob (/home/marc/Bureau/projets/safliix-back/node_modules/bullmq/src/classes/worker.ts:369:17)\n    at /home/marc/Bureau/projets/safliix-back/node_modules/bullmq/src/classes/worker.ts:881:37\n    at trace (/home/marc/Bureau/projets/safliix-back/node_modules/bullmq/src/utils/index.ts:344:12)\n    at Worker.trace (/home/marc/Bureau/projets/safliix-back/node_modules/bullmq/src/classes/queue-base.ts:204:17)\n    at Worker.processJob (/home/marc/Bureau/projets/safliix-back/node_modules/bullmq/src/classes/worker.ts:848:17)\n    at /home/marc/Bureau/projets/safliix-back/node_modules/bullmq/src/classes/worker.ts:552:20\n    at Worker.retryIfFailed (/home/marc/Bureau/projets/safliix-back/node_modules/bullmq/src/classes/worker.ts:1250:22)"},"level":"error","message":"❌ Error processing job: Cannot read properties of undefined (reading 's3Key')","service":"video-encoding","timestamp":"2025-10-16 03:40:41"}
{"context":"PlaylistAssemblerWorker","error":{"message":"Cannot read properties of undefined (reading 's3Key')","name":"TypeError","stack":"TypeError: Cannot read properties of undefined (reading 's3Key')\n    at PlaylistAssemblerWorker.processJob (/home/marc/Bureau/projets/safliix-back/apps/video-processor/dist/webpack:/@safliix-back/video-processor/src/app/workers/playlist-assembler.worker.ts:49:93)\n    at PlaylistAssemblerWorker.safeProcess (/home/marc/Bureau/projets/safliix-back/apps/video-processor/dist/webpack:/@safliix-back/video-processor/src/app/workers/base.worker.ts:54:1)\n    at Worker.processFn (/home/marc/Bureau/projets/safliix-back/apps/video-processor/dist/webpack:/@safliix-back/video-processor/src/app/workers/base.worker.ts:29:1)\n    at Worker.callProcessJob (/home/marc/Bureau/projets/safliix-back/node_modules/bullmq/src/classes/worker.ts:369:17)\n    at /home/marc/Bureau/projets/safliix-back/node_modules/bullmq/src/classes/worker.ts:881:37\n    at trace (/home/marc/Bureau/projets/safliix-back/node_modules/bullmq/src/utils/index.ts:344:12)\n    at Worker.trace (/home/marc/Bureau/projets/safliix-back/node_modules/bullmq/src/classes/queue-base.ts:204:17)\n    at Worker.processJob (/home/marc/Bureau/projets/safliix-back/node_modules/bullmq/src/classes/worker.ts:848:17)\n    at /home/marc/Bureau/projets/safliix-back/node_modules/bullmq/src/classes/worker.ts:552:20\n    at Worker.retryIfFailed (/home/marc/Bureau/projets/safliix-back/node_modules/bullmq/src/classes/worker.ts:1250:22)"},"level":"error","message":"💥 Job 3 failed","service":"video-encoding","timestamp":"2025-10-16 03:40:41"}
{"context":"VideoSplitterWorker","level":"info","message":"🎬 Job 3 started","service":"video-encoding","timestamp":"2025-10-16 03:40:51"}
{"context":"VideoSplitterWorker","error":{"message":"Cannot destructure property 's3Key' of 'payload' as it is undefined.","name":"TypeError","stack":"TypeError: Cannot destructure property 's3Key' of 'payload' as it is undefined.\n    at VideoSplitterWorker.processJob (/home/marc/Bureau/projets/safliix-back/apps/video-processor/dist/webpack:/@safliix-back/video-processor/src/app/workers/video-splitter.worker.ts:37:17)\n    at VideoSplitterWorker.safeProcess (/home/marc/Bureau/projets/safliix-back/apps/video-processor/dist/webpack:/@safliix-back/video-processor/src/app/workers/base.worker.ts:54:1)\n    at Worker.processFn (/home/marc/Bureau/projets/safliix-back/apps/video-processor/dist/webpack:/@safliix-back/video-processor/src/app/workers/base.worker.ts:29:1)\n    at Worker.callProcessJob (/home/marc/Bureau/projets/safliix-back/node_modules/bullmq/src/classes/worker.ts:369:17)\n    at /home/marc/Bureau/projets/safliix-back/node_modules/bullmq/src/classes/worker.ts:881:37\n    at trace (/home/marc/Bureau/projets/safliix-back/node_modules/bullmq/src/utils/index.ts:344:12)\n    at Worker.trace (/home/marc/Bureau/projets/safliix-back/node_modules/bullmq/src/classes/queue-base.ts:204:17)\n    at Worker.processJob (/home/marc/Bureau/projets/safliix-back/node_modules/bullmq/src/classes/worker.ts:848:17)\n    at /home/marc/Bureau/projets/safliix-back/node_modules/bullmq/src/classes/worker.ts:552:20\n    at Worker.retryIfFailed (/home/marc/Bureau/projets/safliix-back/node_modules/bullmq/src/classes/worker.ts:1250:22)"},"level":"error","message":"❌ Error processing job: Cannot destructure property 's3Key' of 'payload' as it is undefined.","service":"video-encoding","timestamp":"2025-10-16 03:40:51"}
{"context":"VideoSplitterWorker","error":{"message":"Cannot destructure property 's3Key' of 'payload' as it is undefined.","name":"TypeError","stack":"TypeError: Cannot destructure property 's3Key' of 'payload' as it is undefined.\n    at VideoSplitterWorker.processJob (/home/marc/Bureau/projets/safliix-back/apps/video-processor/dist/webpack:/@safliix-back/video-processor/src/app/workers/video-splitter.worker.ts:37:17)\n    at VideoSplitterWorker.safeProcess (/home/marc/Bureau/projets/safliix-back/apps/video-processor/dist/webpack:/@safliix-back/video-processor/src/app/workers/base.worker.ts:54:1)\n    at Worker.processFn (/home/marc/Bureau/projets/safliix-back/apps/video-processor/dist/webpack:/@safliix-back/video-processor/src/app/workers/base.worker.ts:29:1)\n    at Worker.callProcessJob (/home/marc/Bureau/projets/safliix-back/node_modules/bullmq/src/classes/worker.ts:369:17)\n    at /home/marc/Bureau/projets/safliix-back/node_modules/bullmq/src/classes/worker.ts:881:37\n    at trace (/home/marc/Bureau/projets/safliix-back/node_modules/bullmq/src/utils/index.ts:344:12)\n    at Worker.trace (/home/marc/Bureau/projets/safliix-back/node_modules/bullmq/src/classes/queue-base.ts:204:17)\n    at Worker.processJob (/home/marc/Bureau/projets/safliix-back/node_modules/bullmq/src/classes/worker.ts:848:17)\n    at /home/marc/Bureau/projets/safliix-back/node_modules/bullmq/src/classes/worker.ts:552:20\n    at Worker.retryIfFailed (/home/marc/Bureau/projets/safliix-back/node_modules/bullmq/src/classes/worker.ts:1250:22)"},"level":"error","message":"💥 Job 3 failed","service":"video-encoding","timestamp":"2025-10-16 03:40:51"}
{"context":"UploadWorker","level":"info","message":"🎯 UploadWorker initialized for queue video.event","service":"","timestamp":"2025-10-16 04:01:34"}
{"context":"UploadWorker","level":"info","message":"🚀 UploaderWorker prêt — écoute video.assembly.done","service":"","timestamp":"2025-10-16 04:01:34"}
{"context":"PlaylistAssemblerWorker","level":"info","message":"🎯 PlaylistAssemblerWorker initialized for queue video.event","service":"","timestamp":"2025-10-16 04:01:34"}
{"context":"VideoSplitterWorker","level":"info","message":"🎯 VideoSplitterWorker initialized for queue video.event","service":"","timestamp":"2025-10-16 04:01:34"}
{"context":"VideoSplitterWorker","level":"info","message":"🚀 Dedicated Redis connection established for VideoSplitterWorker","service":"","timestamp":"2025-10-16 04:01:34"}
{"context":"IngestWorker","level":"info","message":"🎯 IngestWorker initialized for queue video.event","service":"","timestamp":"2025-10-16 04:01:34"}
{"context":"IngestWorker","level":"info","message":"🚀 IngestWorker prêt — écoute video.ingest","service":"","timestamp":"2025-10-16 04:01:34"}
{"context":"VideoEncodingWorker","level":"info","message":"🎯 VideoEncodingWorker initialized for queue video.event","service":"","timestamp":"2025-10-16 04:01:34"}
{"context":"VideoEncodingWorker","level":"info","message":"🚀 VideoEncodingWorker prêt — écoute video.part.ready","service":"","timestamp":"2025-10-16 04:01:34"}
{"context":"VideoEventWorker","level":"info","message":"🎯 VideoEventWorker initialized for queue video.event","service":"","timestamp":"2025-10-16 04:01:34"}
{"context":"VideoEventWorker","level":"info","message":"🚀 VideoEventWorker initialisé","service":"","timestamp":"2025-10-16 04:01:34"}
{"context":"UploadWorker","level":"info","message":"👂 Worker ready and listening for jobs","service":"","timestamp":"2025-10-16 04:01:34"}
{"context":"PlaylistAssemblerWorker","level":"info","message":"👂 Worker ready and listening for jobs","service":"","timestamp":"2025-10-16 04:01:34"}
{"context":"VideoSplitterWorker","level":"info","message":"👂 Worker ready and listening for jobs","service":"","timestamp":"2025-10-16 04:01:34"}
{"context":"IngestWorker","level":"info","message":"👂 Worker ready and listening for jobs","service":"","timestamp":"2025-10-16 04:01:34"}
{"context":"VideoEventWorker","level":"info","message":"👂 Worker ready and listening for jobs","service":"","timestamp":"2025-10-16 04:01:34"}
{"context":"VideoEncodingWorker","level":"info","message":"👂 Worker ready and listening for jobs","service":"","timestamp":"2025-10-16 04:01:34"}
{"context":"VideoEncodingWorker","level":"info","message":"🚀 VideoEncodingWorker initialized","service":"","timestamp":"2025-10-16 04:01:34"}
{"context":"PlaylistAssemblerWorker","level":"info","message":"🚀 PlaylistAssemblerWorker initialized","service":"","timestamp":"2025-10-16 04:01:34"}
{"context":"UploadWorker","level":"info","message":"🚀 UploadWorker initialized","service":"","timestamp":"2025-10-16 04:01:34"}
{"context":"VideoSplitterWorker","level":"info","message":"🚀 VideoSplitterWorker initialized","service":"","timestamp":"2025-10-16 04:01:34"}
{"context":"IngestWorker","level":"info","message":"🚀 IngestWorker initialized","service":"","timestamp":"2025-10-16 04:01:34"}
{"context":"VideoEventWorker","level":"info","message":"🚀 VideoEventWorker initialized","service":"","timestamp":"2025-10-16 04:01:34"}
{"context":"VideoIngestController","level":"info","message":"🎬 Ingestion initiale démarrée pour vv.mp4 (0ce7569c-8158-4054-990f-7984ab26d436)","service":"","timestamp":"2025-10-16 04:02:00"}
{"context":"VideoEventDispatcher","level":"debug","message":"📩 Dispatch event video.ingest","payload":{"s3Key":"vv.mp4","userId":"system"},"service":"","timestamp":"2025-10-16 04:02:00"}
{"context":"VideoIngestController","level":"debug","message":"Détails de l’ingestion: videoId=0ce7569c-8158-4054-990f-7984ab26d436, inputFile=vv.mp4","service":"","timestamp":"2025-10-16 04:02:00"}
{"context":"VideoEventDispatcher","level":"debug","message":"✅ Event \"video.ingest\" dispatched successfully","service":"","timestamp":"2025-10-16 04:02:00"}
{"context":"UploadWorker","level":"info","message":"🎬 Job 4 started","service":"","timestamp":"2025-10-16 04:02:00"}
{"context":"UploadWorker","level":"info","message":"📤 Upload de la vidéo vv.mp4 pour user vv.mp4..","service":"","timestamp":"2025-10-16 04:02:00"}
{"context":"UploadWorker","level":"error","message":"❌ Erreur d'upload S3: The \"path\" argument must be of type string or an instance of Buffer or URL. Received undefined","service":"","timestamp":"2025-10-16 04:02:00"}
{"context":"UploadWorker","error":{"message":"The \"path\" argument must be of type string or an instance of Buffer or URL. Received undefined","name":"TypeError","stack":"TypeError: The \"path\" argument must be of type string or an instance of Buffer or URL. Received undefined\n    at Object.readdir (node:internal/fs/promises:952:10)\n    at UploaderWorker.collectFiles (/home/marc/Bureau/projets/safliix-back/apps/video-processor/dist/webpack:/@safliix-back/video-processor/src/app/workers/upload-file.worker.ts:56:1)\n    at UploaderWorker.processJob (/home/marc/Bureau/projets/safliix-back/apps/video-processor/dist/webpack:/@safliix-back/video-processor/src/app/workers/upload-file.worker.ts:39:1)\n    at UploaderWorker.safeProcess (/home/marc/Bureau/projets/safliix-back/apps/video-processor/dist/webpack:/@safliix-back/video-processor/src/app/workers/base.worker.ts:54:1)\n    at Worker.processFn (/home/marc/Bureau/projets/safliix-back/apps/video-processor/dist/webpack:/@safliix-back/video-processor/src/app/workers/base.worker.ts:29:1)\n    at Worker.callProcessJob (/home/marc/Bureau/projets/safliix-back/node_modules/bullmq/src/classes/worker.ts:369:17)\n    at /home/marc/Bureau/projets/safliix-back/node_modules/bullmq/src/classes/worker.ts:881:37\n    at trace (/home/marc/Bureau/projets/safliix-back/node_modules/bullmq/src/utils/index.ts:344:12)\n    at Worker.trace (/home/marc/Bureau/projets/safliix-back/node_modules/bullmq/src/classes/queue-base.ts:204:17)\n    at Worker.processJob (/home/marc/Bureau/projets/safliix-back/node_modules/bullmq/src/classes/worker.ts:848:17)"},"level":"error","message":"❌ Error processing job: The \"path\" argument must be of type string or an instance of Buffer or URL. Received undefined","service":"","timestamp":"2025-10-16 04:02:00"}
{"context":"UploadWorker","error":{"message":"The \"path\" argument must be of type string or an instance of Buffer or URL. Received undefined","name":"TypeError","stack":"TypeError: The \"path\" argument must be of type string or an instance of Buffer or URL. Received undefined\n    at Object.readdir (node:internal/fs/promises:952:10)\n    at UploaderWorker.collectFiles (/home/marc/Bureau/projets/safliix-back/apps/video-processor/dist/webpack:/@safliix-back/video-processor/src/app/workers/upload-file.worker.ts:56:1)\n    at UploaderWorker.processJob (/home/marc/Bureau/projets/safliix-back/apps/video-processor/dist/webpack:/@safliix-back/video-processor/src/app/workers/upload-file.worker.ts:39:1)\n    at UploaderWorker.safeProcess (/home/marc/Bureau/projets/safliix-back/apps/video-processor/dist/webpack:/@safliix-back/video-processor/src/app/workers/base.worker.ts:54:1)\n    at Worker.processFn (/home/marc/Bureau/projets/safliix-back/apps/video-processor/dist/webpack:/@safliix-back/video-processor/src/app/workers/base.worker.ts:29:1)\n    at Worker.callProcessJob (/home/marc/Bureau/projets/safliix-back/node_modules/bullmq/src/classes/worker.ts:369:17)\n    at /home/marc/Bureau/projets/safliix-back/node_modules/bullmq/src/classes/worker.ts:881:37\n    at trace (/home/marc/Bureau/projets/safliix-back/node_modules/bullmq/src/utils/index.ts:344:12)\n    at Worker.trace (/home/marc/Bureau/projets/safliix-back/node_modules/bullmq/src/classes/queue-base.ts:204:17)\n    at Worker.processJob (/home/marc/Bureau/projets/safliix-back/node_modules/bullmq/src/classes/worker.ts:848:17)"},"level":"error","message":"💥 Job 4 failed","service":"","timestamp":"2025-10-16 04:02:00"}
{"context":"UploadWorker","level":"info","message":"🎬 Job 4 started","service":"","timestamp":"2025-10-16 04:02:05"}
{"context":"UploadWorker","level":"info","message":"📤 Upload de la vidéo vv.mp4 pour user vv.mp4..","service":"","timestamp":"2025-10-16 04:02:05"}
{"context":"UploadWorker","level":"error","message":"❌ Erreur d'upload S3: The \"path\" argument must be of type string or an instance of Buffer or URL. Received undefined","service":"","timestamp":"2025-10-16 04:02:05"}
{"context":"UploadWorker","error":{"message":"The \"path\" argument must be of type string or an instance of Buffer or URL. Received undefined","name":"TypeError","stack":"TypeError: The \"path\" argument must be of type string or an instance of Buffer or URL. Received undefined\n    at Object.readdir (node:internal/fs/promises:952:10)\n    at UploaderWorker.collectFiles (/home/marc/Bureau/projets/safliix-back/apps/video-processor/dist/webpack:/@safliix-back/video-processor/src/app/workers/upload-file.worker.ts:56:1)\n    at UploaderWorker.processJob (/home/marc/Bureau/projets/safliix-back/apps/video-processor/dist/webpack:/@safliix-back/video-processor/src/app/workers/upload-file.worker.ts:39:1)\n    at UploaderWorker.safeProcess (/home/marc/Bureau/projets/safliix-back/apps/video-processor/dist/webpack:/@safliix-back/video-processor/src/app/workers/base.worker.ts:54:1)\n    at Worker.processFn (/home/marc/Bureau/projets/safliix-back/apps/video-processor/dist/webpack:/@safliix-back/video-processor/src/app/workers/base.worker.ts:29:1)\n    at Worker.callProcessJob (/home/marc/Bureau/projets/safliix-back/node_modules/bullmq/src/classes/worker.ts:369:17)\n    at /home/marc/Bureau/projets/safliix-back/node_modules/bullmq/src/classes/worker.ts:881:37\n    at trace (/home/marc/Bureau/projets/safliix-back/node_modules/bullmq/src/utils/index.ts:344:12)\n    at Worker.trace (/home/marc/Bureau/projets/safliix-back/node_modules/bullmq/src/classes/queue-base.ts:204:17)\n    at Worker.processJob (/home/marc/Bureau/projets/safliix-back/node_modules/bullmq/src/classes/worker.ts:848:17)"},"level":"error","message":"❌ Error processing job: The \"path\" argument must be of type string or an instance of Buffer or URL. Received undefined","service":"","timestamp":"2025-10-16 04:02:05"}
{"context":"UploadWorker","error":{"message":"The \"path\" argument must be of type string or an instance of Buffer or URL. Received undefined","name":"TypeError","stack":"TypeError: The \"path\" argument must be of type string or an instance of Buffer or URL. Received undefined\n    at Object.readdir (node:internal/fs/promises:952:10)\n    at UploaderWorker.collectFiles (/home/marc/Bureau/projets/safliix-back/apps/video-processor/dist/webpack:/@safliix-back/video-processor/src/app/workers/upload-file.worker.ts:56:1)\n    at UploaderWorker.processJob (/home/marc/Bureau/projets/safliix-back/apps/video-processor/dist/webpack:/@safliix-back/video-processor/src/app/workers/upload-file.worker.ts:39:1)\n    at UploaderWorker.safeProcess (/home/marc/Bureau/projets/safliix-back/apps/video-processor/dist/webpack:/@safliix-back/video-processor/src/app/workers/base.worker.ts:54:1)\n    at Worker.processFn (/home/marc/Bureau/projets/safliix-back/apps/video-processor/dist/webpack:/@safliix-back/video-processor/src/app/workers/base.worker.ts:29:1)\n    at Worker.callProcessJob (/home/marc/Bureau/projets/safliix-back/node_modules/bullmq/src/classes/worker.ts:369:17)\n    at /home/marc/Bureau/projets/safliix-back/node_modules/bullmq/src/classes/worker.ts:881:37\n    at trace (/home/marc/Bureau/projets/safliix-back/node_modules/bullmq/src/utils/index.ts:344:12)\n    at Worker.trace (/home/marc/Bureau/projets/safliix-back/node_modules/bullmq/src/classes/queue-base.ts:204:17)\n    at Worker.processJob (/home/marc/Bureau/projets/safliix-back/node_modules/bullmq/src/classes/worker.ts:848:17)"},"level":"error","message":"💥 Job 4 failed","service":"","timestamp":"2025-10-16 04:02:05"}
{"context":"VideoSplitterWorker","level":"info","message":"🎬 Job 4 started","service":"","timestamp":"2025-10-16 04:02:15"}
{"context":"VideoSplitterWorker","error":{"message":"Cannot destructure property 's3Key' of 'payload' as it is undefined.","name":"TypeError","stack":"TypeError: Cannot destructure property 's3Key' of 'payload' as it is undefined.\n    at VideoSplitterWorker.processJob (/home/marc/Bureau/projets/safliix-back/apps/video-processor/dist/webpack:/@safliix-back/video-processor/src/app/workers/video-splitter.worker.ts:37:17)\n    at VideoSplitterWorker.safeProcess (/home/marc/Bureau/projets/safliix-back/apps/video-processor/dist/webpack:/@safliix-back/video-processor/src/app/workers/base.worker.ts:54:1)\n    at Worker.processFn (/home/marc/Bureau/projets/safliix-back/apps/video-processor/dist/webpack:/@safliix-back/video-processor/src/app/workers/base.worker.ts:29:1)\n    at Worker.callProcessJob (/home/marc/Bureau/projets/safliix-back/node_modules/bullmq/src/classes/worker.ts:369:17)\n    at /home/marc/Bureau/projets/safliix-back/node_modules/bullmq/src/classes/worker.ts:881:37\n    at trace (/home/marc/Bureau/projets/safliix-back/node_modules/bullmq/src/utils/index.ts:344:12)\n    at Worker.trace (/home/marc/Bureau/projets/safliix-back/node_modules/bullmq/src/classes/queue-base.ts:204:17)\n    at Worker.processJob (/home/marc/Bureau/projets/safliix-back/node_modules/bullmq/src/classes/worker.ts:848:17)\n    at /home/marc/Bureau/projets/safliix-back/node_modules/bullmq/src/classes/worker.ts:552:20\n    at Worker.retryIfFailed (/home/marc/Bureau/projets/safliix-back/node_modules/bullmq/src/classes/worker.ts:1250:22)"},"level":"error","message":"❌ Error processing job: Cannot destructure property 's3Key' of 'payload' as it is undefined.","service":"","timestamp":"2025-10-16 04:02:15"}
{"context":"VideoSplitterWorker","error":{"message":"Cannot destructure property 's3Key' of 'payload' as it is undefined.","name":"TypeError","stack":"TypeError: Cannot destructure property 's3Key' of 'payload' as it is undefined.\n    at VideoSplitterWorker.processJob (/home/marc/Bureau/projets/safliix-back/apps/video-processor/dist/webpack:/@safliix-back/video-processor/src/app/workers/video-splitter.worker.ts:37:17)\n    at VideoSplitterWorker.safeProcess (/home/marc/Bureau/projets/safliix-back/apps/video-processor/dist/webpack:/@safliix-back/video-processor/src/app/workers/base.worker.ts:54:1)\n    at Worker.processFn (/home/marc/Bureau/projets/safliix-back/apps/video-processor/dist/webpack:/@safliix-back/video-processor/src/app/workers/base.worker.ts:29:1)\n    at Worker.callProcessJob (/home/marc/Bureau/projets/safliix-back/node_modules/bullmq/src/classes/worker.ts:369:17)\n    at /home/marc/Bureau/projets/safliix-back/node_modules/bullmq/src/classes/worker.ts:881:37\n    at trace (/home/marc/Bureau/projets/safliix-back/node_modules/bullmq/src/utils/index.ts:344:12)\n    at Worker.trace (/home/marc/Bureau/projets/safliix-back/node_modules/bullmq/src/classes/queue-base.ts:204:17)\n    at Worker.processJob (/home/marc/Bureau/projets/safliix-back/node_modules/bullmq/src/classes/worker.ts:848:17)\n    at /home/marc/Bureau/projets/safliix-back/node_modules/bullmq/src/classes/worker.ts:552:20\n    at Worker.retryIfFailed (/home/marc/Bureau/projets/safliix-back/node_modules/bullmq/src/classes/worker.ts:1250:22)"},"level":"error","message":"💥 Job 4 failed","service":"","timestamp":"2025-10-16 04:02:15"}
{"context":"PlaylistAssemblerWorker","level":"info","message":"👂 Worker ready and listening for jobs","service":"","timestamp":"2025-10-16 11:24:24"}
{"context":"IngestWorker","level":"info","message":"🎯 IngestWorker initialized for queue video.event","service":"","timestamp":"2025-10-16 12:09:21"}
{"context":"IngestWorker","level":"info","message":"🚀 IngestWorker prêt — écoute video.ingest","service":"","timestamp":"2025-10-16 12:09:21"}
{"context":"VideoEncodingWorker","level":"info","message":"🎯 VideoEncodingWorker initialized for queue video.event","service":"","timestamp":"2025-10-16 12:09:21"}
{"context":"VideoEncodingWorker","level":"info","message":"🚀 VideoEncodingWorker prêt — écoute video.part.ready","service":"","timestamp":"2025-10-16 12:09:21"}
{"context":"IngestWorker","level":"info","message":"👂 Worker ready and listening for jobs","service":"","timestamp":"2025-10-16 12:09:21"}
{"context":"VideoEncodingWorker","level":"info","message":"👂 Worker ready and listening for jobs","service":"","timestamp":"2025-10-16 12:09:21"}
{"context":"IngestWorker","level":"info","message":"🚀 IngestWorker initialized","service":"","timestamp":"2025-10-16 12:09:21"}
{"context":"VideoEncodingWorker","level":"info","message":"🚀 VideoEncodingWorker initialized","service":"","timestamp":"2025-10-16 12:09:21"}
{"context":"VideoIngestController","level":"info","message":"🎬 Ingestion initiale démarrée pour vv.mp4 (5824728a-a6f3-4db2-adfb-103d79ce8961)","service":"","timestamp":"2025-10-16 12:23:54"}
{"context":"VideoEventDispatcher","level":"debug","message":"📩 Dispatch event video.ingest","payload":{"s3Key":"vv.mp4","userId":"system"},"service":"","timestamp":"2025-10-16 12:23:54"}
{"context":"VideoIngestController","level":"debug","message":"Détails de l’ingestion: videoId=5824728a-a6f3-4db2-adfb-103d79ce8961, inputFile=vv.mp4","service":"","timestamp":"2025-10-16 12:23:54"}
{"context":"VideoEventDispatcher","level":"debug","message":"✅ Event \"video.ingest\" dispatched successfully","service":"","timestamp":"2025-10-16 12:23:54"}
{"context":"VideoEncodingWorker","level":"info","message":"🎬 Job 5 started","service":"","timestamp":"2025-10-16 12:23:54"}
{"context":"VideoEncodingWorker","error":{"message":"Cannot read properties of undefined (reading 'part')","name":"TypeError","stack":"TypeError: Cannot read properties of undefined (reading 'part')\n    at VideoEncodingWorker.processJob (/home/marc/Bureau/projets/safliix-back/apps/video-processor/dist/webpack:/@safliix-back/video-processor/src/app/workers/video-encoding.worker.ts:43:65)\n    at VideoEncodingWorker.safeProcess (/home/marc/Bureau/projets/safliix-back/apps/video-processor/dist/webpack:/@safliix-back/video-processor/src/app/workers/base.worker.ts:54:1)\n    at Worker.processFn (/home/marc/Bureau/projets/safliix-back/apps/video-processor/dist/webpack:/@safliix-back/video-processor/src/app/workers/base.worker.ts:29:1)\n    at Worker.callProcessJob (/home/marc/Bureau/projets/safliix-back/node_modules/bullmq/src/classes/worker.ts:369:17)\n    at /home/marc/Bureau/projets/safliix-back/node_modules/bullmq/src/classes/worker.ts:881:37\n    at trace (/home/marc/Bureau/projets/safliix-back/node_modules/bullmq/src/utils/index.ts:344:12)\n    at Worker.trace (/home/marc/Bureau/projets/safliix-back/node_modules/bullmq/src/classes/queue-base.ts:204:17)\n    at Worker.processJob (/home/marc/Bureau/projets/safliix-back/node_modules/bullmq/src/classes/worker.ts:848:17)\n    at /home/marc/Bureau/projets/safliix-back/node_modules/bullmq/src/classes/worker.ts:552:20\n    at Worker.retryIfFailed (/home/marc/Bureau/projets/safliix-back/node_modules/bullmq/src/classes/worker.ts:1250:22)"},"level":"error","message":"❌ Error processing job: Cannot read properties of undefined (reading 'part')","service":"","timestamp":"2025-10-16 12:23:54"}
{"context":"VideoEncodingWorker","error":{"message":"Cannot read properties of undefined (reading 'part')","name":"TypeError","stack":"TypeError: Cannot read properties of undefined (reading 'part')\n    at VideoEncodingWorker.processJob (/home/marc/Bureau/projets/safliix-back/apps/video-processor/dist/webpack:/@safliix-back/video-processor/src/app/workers/video-encoding.worker.ts:43:65)\n    at VideoEncodingWorker.safeProcess (/home/marc/Bureau/projets/safliix-back/apps/video-processor/dist/webpack:/@safliix-back/video-processor/src/app/workers/base.worker.ts:54:1)\n    at Worker.processFn (/home/marc/Bureau/projets/safliix-back/apps/video-processor/dist/webpack:/@safliix-back/video-processor/src/app/workers/base.worker.ts:29:1)\n    at Worker.callProcessJob (/home/marc/Bureau/projets/safliix-back/node_modules/bullmq/src/classes/worker.ts:369:17)\n    at /home/marc/Bureau/projets/safliix-back/node_modules/bullmq/src/classes/worker.ts:881:37\n    at trace (/home/marc/Bureau/projets/safliix-back/node_modules/bullmq/src/utils/index.ts:344:12)\n    at Worker.trace (/home/marc/Bureau/projets/safliix-back/node_modules/bullmq/src/classes/queue-base.ts:204:17)\n    at Worker.processJob (/home/marc/Bureau/projets/safliix-back/node_modules/bullmq/src/classes/worker.ts:848:17)\n    at /home/marc/Bureau/projets/safliix-back/node_modules/bullmq/src/classes/worker.ts:552:20\n    at Worker.retryIfFailed (/home/marc/Bureau/projets/safliix-back/node_modules/bullmq/src/classes/worker.ts:1250:22)"},"level":"error","message":"💥 Job 5 failed","service":"","timestamp":"2025-10-16 12:23:54"}
{"context":"VideoEncodingWorker","level":"info","message":"🎬 Job 5 started","service":"","timestamp":"2025-10-16 12:23:59"}
{"context":"VideoEncodingWorker","error":{"message":"Cannot read properties of undefined (reading 'part')","name":"TypeError","stack":"TypeError: Cannot read properties of undefined (reading 'part')\n    at VideoEncodingWorker.processJob (/home/marc/Bureau/projets/safliix-back/apps/video-processor/dist/webpack:/@safliix-back/video-processor/src/app/workers/video-encoding.worker.ts:43:65)\n    at VideoEncodingWorker.safeProcess (/home/marc/Bureau/projets/safliix-back/apps/video-processor/dist/webpack:/@safliix-back/video-processor/src/app/workers/base.worker.ts:54:1)\n    at Worker.processFn (/home/marc/Bureau/projets/safliix-back/apps/video-processor/dist/webpack:/@safliix-back/video-processor/src/app/workers/base.worker.ts:29:1)\n    at Worker.callProcessJob (/home/marc/Bureau/projets/safliix-back/node_modules/bullmq/src/classes/worker.ts:369:17)\n    at /home/marc/Bureau/projets/safliix-back/node_modules/bullmq/src/classes/worker.ts:881:37\n    at trace (/home/marc/Bureau/projets/safliix-back/node_modules/bullmq/src/utils/index.ts:344:12)\n    at Worker.trace (/home/marc/Bureau/projets/safliix-back/node_modules/bullmq/src/classes/queue-base.ts:204:17)\n    at Worker.processJob (/home/marc/Bureau/projets/safliix-back/node_modules/bullmq/src/classes/worker.ts:848:17)\n    at /home/marc/Bureau/projets/safliix-back/node_modules/bullmq/src/classes/worker.ts:552:20\n    at Worker.retryIfFailed (/home/marc/Bureau/projets/safliix-back/node_modules/bullmq/src/classes/worker.ts:1250:22)"},"level":"error","message":"❌ Error processing job: Cannot read properties of undefined (reading 'part')","service":"","timestamp":"2025-10-16 12:23:59"}
{"context":"VideoEncodingWorker","error":{"message":"Cannot read properties of undefined (reading 'part')","name":"TypeError","stack":"TypeError: Cannot read properties of undefined (reading 'part')\n    at VideoEncodingWorker.processJob (/home/marc/Bureau/projets/safliix-back/apps/video-processor/dist/webpack:/@safliix-back/video-processor/src/app/workers/video-encoding.worker.ts:43:65)\n    at VideoEncodingWorker.safeProcess (/home/marc/Bureau/projets/safliix-back/apps/video-processor/dist/webpack:/@safliix-back/video-processor/src/app/workers/base.worker.ts:54:1)\n    at Worker.processFn (/home/marc/Bureau/projets/safliix-back/apps/video-processor/dist/webpack:/@safliix-back/video-processor/src/app/workers/base.worker.ts:29:1)\n    at Worker.callProcessJob (/home/marc/Bureau/projets/safliix-back/node_modules/bullmq/src/classes/worker.ts:369:17)\n    at /home/marc/Bureau/projets/safliix-back/node_modules/bullmq/src/classes/worker.ts:881:37\n    at trace (/home/marc/Bureau/projets/safliix-back/node_modules/bullmq/src/utils/index.ts:344:12)\n    at Worker.trace (/home/marc/Bureau/projets/safliix-back/node_modules/bullmq/src/classes/queue-base.ts:204:17)\n    at Worker.processJob (/home/marc/Bureau/projets/safliix-back/node_modules/bullmq/src/classes/worker.ts:848:17)\n    at /home/marc/Bureau/projets/safliix-back/node_modules/bullmq/src/classes/worker.ts:552:20\n    at Worker.retryIfFailed (/home/marc/Bureau/projets/safliix-back/node_modules/bullmq/src/classes/worker.ts:1250:22)"},"level":"error","message":"💥 Job 5 failed","service":"","timestamp":"2025-10-16 12:23:59"}
{"context":"VideoEncodingWorker","level":"info","message":"🎬 Job 5 started","service":"","timestamp":"2025-10-16 12:24:09"}
{"context":"VideoEncodingWorker","error":{"message":"Cannot read properties of undefined (reading 'part')","name":"TypeError","stack":"TypeError: Cannot read properties of undefined (reading 'part')\n    at VideoEncodingWorker.processJob (/home/marc/Bureau/projets/safliix-back/apps/video-processor/dist/webpack:/@safliix-back/video-processor/src/app/workers/video-encoding.worker.ts:43:65)\n    at VideoEncodingWorker.safeProcess (/home/marc/Bureau/projets/safliix-back/apps/video-processor/dist/webpack:/@safliix-back/video-processor/src/app/workers/base.worker.ts:54:1)\n    at Worker.processFn (/home/marc/Bureau/projets/safliix-back/apps/video-processor/dist/webpack:/@safliix-back/video-processor/src/app/workers/base.worker.ts:29:1)\n    at Worker.callProcessJob (/home/marc/Bureau/projets/safliix-back/node_modules/bullmq/src/classes/worker.ts:369:17)\n    at /home/marc/Bureau/projets/safliix-back/node_modules/bullmq/src/classes/worker.ts:881:37\n    at trace (/home/marc/Bureau/projets/safliix-back/node_modules/bullmq/src/utils/index.ts:344:12)\n    at Worker.trace (/home/marc/Bureau/projets/safliix-back/node_modules/bullmq/src/classes/queue-base.ts:204:17)\n    at Worker.processJob (/home/marc/Bureau/projets/safliix-back/node_modules/bullmq/src/classes/worker.ts:848:17)\n    at /home/marc/Bureau/projets/safliix-back/node_modules/bullmq/src/classes/worker.ts:552:20\n    at Worker.retryIfFailed (/home/marc/Bureau/projets/safliix-back/node_modules/bullmq/src/classes/worker.ts:1250:22)"},"level":"error","message":"❌ Error processing job: Cannot read properties of undefined (reading 'part')","service":"","timestamp":"2025-10-16 12:24:09"}
{"context":"VideoEncodingWorker","error":{"message":"Cannot read properties of undefined (reading 'part')","name":"TypeError","stack":"TypeError: Cannot read properties of undefined (reading 'part')\n    at VideoEncodingWorker.processJob (/home/marc/Bureau/projets/safliix-back/apps/video-processor/dist/webpack:/@safliix-back/video-processor/src/app/workers/video-encoding.worker.ts:43:65)\n    at VideoEncodingWorker.safeProcess (/home/marc/Bureau/projets/safliix-back/apps/video-processor/dist/webpack:/@safliix-back/video-processor/src/app/workers/base.worker.ts:54:1)\n    at Worker.processFn (/home/marc/Bureau/projets/safliix-back/apps/video-processor/dist/webpack:/@safliix-back/video-processor/src/app/workers/base.worker.ts:29:1)\n    at Worker.callProcessJob (/home/marc/Bureau/projets/safliix-back/node_modules/bullmq/src/classes/worker.ts:369:17)\n    at /home/marc/Bureau/projets/safliix-back/node_modules/bullmq/src/classes/worker.ts:881:37\n    at trace (/home/marc/Bureau/projets/safliix-back/node_modules/bullmq/src/utils/index.ts:344:12)\n    at Worker.trace (/home/marc/Bureau/projets/safliix-back/node_modules/bullmq/src/classes/queue-base.ts:204:17)\n    at Worker.processJob (/home/marc/Bureau/projets/safliix-back/node_modules/bullmq/src/classes/worker.ts:848:17)\n    at /home/marc/Bureau/projets/safliix-back/node_modules/bullmq/src/classes/worker.ts:552:20\n    at Worker.retryIfFailed (/home/marc/Bureau/projets/safliix-back/node_modules/bullmq/src/classes/worker.ts:1250:22)"},"level":"error","message":"💥 Job 5 failed","service":"","timestamp":"2025-10-16 12:24:09"}
{"context":"IngestWorker","level":"info","message":"🎯 IngestWorker initialized for queue video.event","service":"","timestamp":"2025-10-16 12:25:05"}
{"context":"IngestWorker","level":"info","message":"🚀 IngestWorker prêt — écoute video.ingest","service":"","timestamp":"2025-10-16 12:25:05"}
{"context":"VideoEncodingWorker","level":"info","message":"🎯 VideoEncodingWorker initialized for queue video.event","service":"","timestamp":"2025-10-16 12:25:05"}
{"context":"VideoEncodingWorker","level":"info","message":"🚀 VideoEncodingWorker prêt — écoute video.part.ready","service":"","timestamp":"2025-10-16 12:25:05"}
{"context":"IngestWorker","level":"info","message":"👂 Worker ready and listening for jobs","service":"","timestamp":"2025-10-16 12:25:05"}
{"context":"VideoEncodingWorker","level":"info","message":"👂 Worker ready and listening for jobs","service":"","timestamp":"2025-10-16 12:25:05"}
{"context":"IngestWorker","level":"info","message":"🚀 IngestWorker initialized","service":"","timestamp":"2025-10-16 12:25:05"}
{"context":"VideoEncodingWorker","level":"info","message":"🚀 VideoEncodingWorker initialized","service":"","timestamp":"2025-10-16 12:25:05"}
{"context":"VideoIngestController","level":"info","message":"🎬 Ingestion initiale démarrée pour vv.mp4 (e5f6b25e-4209-4088-839c-85347cbef0c1)","service":"","timestamp":"2025-10-16 12:25:48"}
{"context":"VideoEventDispatcher","level":"debug","message":"📩 Dispatch event video.ingest","payload":{"s3Key":"vv.mp4","userId":"system"},"service":"","timestamp":"2025-10-16 12:25:48"}
{"context":"VideoIngestController","level":"debug","message":"Détails de l’ingestion: videoId=e5f6b25e-4209-4088-839c-85347cbef0c1, inputFile=vv.mp4","service":"","timestamp":"2025-10-16 12:25:48"}
{"context":"VideoEventDispatcher","level":"debug","message":"✅ Event \"video.ingest\" dispatched successfully","service":"","timestamp":"2025-10-16 12:25:48"}
{"context":"VideoEncodingWorker","level":"info","message":"🎬 Job 1 started","service":"","timestamp":"2025-10-16 12:25:48"}
{"context":"VideoEncodingWorker","error":{"message":"Cannot read properties of undefined (reading 'part')","name":"TypeError","stack":"TypeError: Cannot read properties of undefined (reading 'part')\n    at VideoEncodingWorker.processJob (/home/marc/Bureau/projets/safliix-back/apps/video-processor/dist/webpack:/@safliix-back/video-processor/src/app/workers/video-encoding.worker.ts:43:65)\n    at VideoEncodingWorker.safeProcess (/home/marc/Bureau/projets/safliix-back/apps/video-processor/dist/webpack:/@safliix-back/video-processor/src/app/workers/base.worker.ts:54:1)\n    at Worker.processFn (/home/marc/Bureau/projets/safliix-back/apps/video-processor/dist/webpack:/@safliix-back/video-processor/src/app/workers/base.worker.ts:29:1)\n    at Worker.callProcessJob (/home/marc/Bureau/projets/safliix-back/node_modules/bullmq/src/classes/worker.ts:369:17)\n    at /home/marc/Bureau/projets/safliix-back/node_modules/bullmq/src/classes/worker.ts:881:37\n    at trace (/home/marc/Bureau/projets/safliix-back/node_modules/bullmq/src/utils/index.ts:344:12)\n    at Worker.trace (/home/marc/Bureau/projets/safliix-back/node_modules/bullmq/src/classes/queue-base.ts:204:17)\n    at Worker.processJob (/home/marc/Bureau/projets/safliix-back/node_modules/bullmq/src/classes/worker.ts:848:17)\n    at /home/marc/Bureau/projets/safliix-back/node_modules/bullmq/src/classes/worker.ts:552:20\n    at Worker.retryIfFailed (/home/marc/Bureau/projets/safliix-back/node_modules/bullmq/src/classes/worker.ts:1250:22)"},"level":"error","message":"❌ Error processing job: Cannot read properties of undefined (reading 'part')","service":"","timestamp":"2025-10-16 12:25:48"}
{"context":"VideoEncodingWorker","error":{"message":"Cannot read properties of undefined (reading 'part')","name":"TypeError","stack":"TypeError: Cannot read properties of undefined (reading 'part')\n    at VideoEncodingWorker.processJob (/home/marc/Bureau/projets/safliix-back/apps/video-processor/dist/webpack:/@safliix-back/video-processor/src/app/workers/video-encoding.worker.ts:43:65)\n    at VideoEncodingWorker.safeProcess (/home/marc/Bureau/projets/safliix-back/apps/video-processor/dist/webpack:/@safliix-back/video-processor/src/app/workers/base.worker.ts:54:1)\n    at Worker.processFn (/home/marc/Bureau/projets/safliix-back/apps/video-processor/dist/webpack:/@safliix-back/video-processor/src/app/workers/base.worker.ts:29:1)\n    at Worker.callProcessJob (/home/marc/Bureau/projets/safliix-back/node_modules/bullmq/src/classes/worker.ts:369:17)\n    at /home/marc/Bureau/projets/safliix-back/node_modules/bullmq/src/classes/worker.ts:881:37\n    at trace (/home/marc/Bureau/projets/safliix-back/node_modules/bullmq/src/utils/index.ts:344:12)\n    at Worker.trace (/home/marc/Bureau/projets/safliix-back/node_modules/bullmq/src/classes/queue-base.ts:204:17)\n    at Worker.processJob (/home/marc/Bureau/projets/safliix-back/node_modules/bullmq/src/classes/worker.ts:848:17)\n    at /home/marc/Bureau/projets/safliix-back/node_modules/bullmq/src/classes/worker.ts:552:20\n    at Worker.retryIfFailed (/home/marc/Bureau/projets/safliix-back/node_modules/bullmq/src/classes/worker.ts:1250:22)"},"level":"error","message":"💥 Job 1 failed","service":"","timestamp":"2025-10-16 12:25:48"}
{"context":"VideoEncodingWorker","level":"info","message":"🎬 Job 1 started","service":"","timestamp":"2025-10-16 12:25:53"}
{"context":"VideoEncodingWorker","error":{"message":"Cannot read properties of undefined (reading 'part')","name":"TypeError","stack":"TypeError: Cannot read properties of undefined (reading 'part')\n    at VideoEncodingWorker.processJob (/home/marc/Bureau/projets/safliix-back/apps/video-processor/dist/webpack:/@safliix-back/video-processor/src/app/workers/video-encoding.worker.ts:43:65)\n    at VideoEncodingWorker.safeProcess (/home/marc/Bureau/projets/safliix-back/apps/video-processor/dist/webpack:/@safliix-back/video-processor/src/app/workers/base.worker.ts:54:1)\n    at Worker.processFn (/home/marc/Bureau/projets/safliix-back/apps/video-processor/dist/webpack:/@safliix-back/video-processor/src/app/workers/base.worker.ts:29:1)\n    at Worker.callProcessJob (/home/marc/Bureau/projets/safliix-back/node_modules/bullmq/src/classes/worker.ts:369:17)\n    at /home/marc/Bureau/projets/safliix-back/node_modules/bullmq/src/classes/worker.ts:881:37\n    at trace (/home/marc/Bureau/projets/safliix-back/node_modules/bullmq/src/utils/index.ts:344:12)\n    at Worker.trace (/home/marc/Bureau/projets/safliix-back/node_modules/bullmq/src/classes/queue-base.ts:204:17)\n    at Worker.processJob (/home/marc/Bureau/projets/safliix-back/node_modules/bullmq/src/classes/worker.ts:848:17)\n    at /home/marc/Bureau/projets/safliix-back/node_modules/bullmq/src/classes/worker.ts:552:20\n    at Worker.retryIfFailed (/home/marc/Bureau/projets/safliix-back/node_modules/bullmq/src/classes/worker.ts:1250:22)"},"level":"error","message":"❌ Error processing job: Cannot read properties of undefined (reading 'part')","service":"","timestamp":"2025-10-16 12:25:53"}
{"context":"VideoEncodingWorker","error":{"message":"Cannot read properties of undefined (reading 'part')","name":"TypeError","stack":"TypeError: Cannot read properties of undefined (reading 'part')\n    at VideoEncodingWorker.processJob (/home/marc/Bureau/projets/safliix-back/apps/video-processor/dist/webpack:/@safliix-back/video-processor/src/app/workers/video-encoding.worker.ts:43:65)\n    at VideoEncodingWorker.safeProcess (/home/marc/Bureau/projets/safliix-back/apps/video-processor/dist/webpack:/@safliix-back/video-processor/src/app/workers/base.worker.ts:54:1)\n    at Worker.processFn (/home/marc/Bureau/projets/safliix-back/apps/video-processor/dist/webpack:/@safliix-back/video-processor/src/app/workers/base.worker.ts:29:1)\n    at Worker.callProcessJob (/home/marc/Bureau/projets/safliix-back/node_modules/bullmq/src/classes/worker.ts:369:17)\n    at /home/marc/Bureau/projets/safliix-back/node_modules/bullmq/src/classes/worker.ts:881:37\n    at trace (/home/marc/Bureau/projets/safliix-back/node_modules/bullmq/src/utils/index.ts:344:12)\n    at Worker.trace (/home/marc/Bureau/projets/safliix-back/node_modules/bullmq/src/classes/queue-base.ts:204:17)\n    at Worker.processJob (/home/marc/Bureau/projets/safliix-back/node_modules/bullmq/src/classes/worker.ts:848:17)\n    at /home/marc/Bureau/projets/safliix-back/node_modules/bullmq/src/classes/worker.ts:552:20\n    at Worker.retryIfFailed (/home/marc/Bureau/projets/safliix-back/node_modules/bullmq/src/classes/worker.ts:1250:22)"},"level":"error","message":"💥 Job 1 failed","service":"","timestamp":"2025-10-16 12:25:53"}
{"context":"VideoEncodingWorker","level":"info","message":"🎬 Job 1 started","service":"","timestamp":"2025-10-16 12:26:03"}
{"context":"VideoEncodingWorker","error":{"message":"Cannot read properties of undefined (reading 'part')","name":"TypeError","stack":"TypeError: Cannot read properties of undefined (reading 'part')\n    at VideoEncodingWorker.processJob (/home/marc/Bureau/projets/safliix-back/apps/video-processor/dist/webpack:/@safliix-back/video-processor/src/app/workers/video-encoding.worker.ts:43:65)\n    at VideoEncodingWorker.safeProcess (/home/marc/Bureau/projets/safliix-back/apps/video-processor/dist/webpack:/@safliix-back/video-processor/src/app/workers/base.worker.ts:54:1)\n    at Worker.processFn (/home/marc/Bureau/projets/safliix-back/apps/video-processor/dist/webpack:/@safliix-back/video-processor/src/app/workers/base.worker.ts:29:1)\n    at Worker.callProcessJob (/home/marc/Bureau/projets/safliix-back/node_modules/bullmq/src/classes/worker.ts:369:17)\n    at /home/marc/Bureau/projets/safliix-back/node_modules/bullmq/src/classes/worker.ts:881:37\n    at trace (/home/marc/Bureau/projets/safliix-back/node_modules/bullmq/src/utils/index.ts:344:12)\n    at Worker.trace (/home/marc/Bureau/projets/safliix-back/node_modules/bullmq/src/classes/queue-base.ts:204:17)\n    at Worker.processJob (/home/marc/Bureau/projets/safliix-back/node_modules/bullmq/src/classes/worker.ts:848:17)\n    at /home/marc/Bureau/projets/safliix-back/node_modules/bullmq/src/classes/worker.ts:552:20\n    at Worker.retryIfFailed (/home/marc/Bureau/projets/safliix-back/node_modules/bullmq/src/classes/worker.ts:1250:22)"},"level":"error","message":"❌ Error processing job: Cannot read properties of undefined (reading 'part')","service":"","timestamp":"2025-10-16 12:26:03"}
{"context":"VideoEncodingWorker","error":{"message":"Cannot read properties of undefined (reading 'part')","name":"TypeError","stack":"TypeError: Cannot read properties of undefined (reading 'part')\n    at VideoEncodingWorker.processJob (/home/marc/Bureau/projets/safliix-back/apps/video-processor/dist/webpack:/@safliix-back/video-processor/src/app/workers/video-encoding.worker.ts:43:65)\n    at VideoEncodingWorker.safeProcess (/home/marc/Bureau/projets/safliix-back/apps/video-processor/dist/webpack:/@safliix-back/video-processor/src/app/workers/base.worker.ts:54:1)\n    at Worker.processFn (/home/marc/Bureau/projets/safliix-back/apps/video-processor/dist/webpack:/@safliix-back/video-processor/src/app/workers/base.worker.ts:29:1)\n    at Worker.callProcessJob (/home/marc/Bureau/projets/safliix-back/node_modules/bullmq/src/classes/worker.ts:369:17)\n    at /home/marc/Bureau/projets/safliix-back/node_modules/bullmq/src/classes/worker.ts:881:37\n    at trace (/home/marc/Bureau/projets/safliix-back/node_modules/bullmq/src/utils/index.ts:344:12)\n    at Worker.trace (/home/marc/Bureau/projets/safliix-back/node_modules/bullmq/src/classes/queue-base.ts:204:17)\n    at Worker.processJob (/home/marc/Bureau/projets/safliix-back/node_modules/bullmq/src/classes/worker.ts:848:17)\n    at /home/marc/Bureau/projets/safliix-back/node_modules/bullmq/src/classes/worker.ts:552:20\n    at Worker.retryIfFailed (/home/marc/Bureau/projets/safliix-back/node_modules/bullmq/src/classes/worker.ts:1250:22)"},"level":"error","message":"💥 Job 1 failed","service":"","timestamp":"2025-10-16 12:26:03"}
{"context":"IngestWorker","level":"info","message":"🎯 IngestWorker initialized for queue video.event","service":"","timestamp":"2025-10-16 12:29:03"}
{"context":"IngestWorker","level":"info","message":"🚀 IngestWorker prêt — écoute video.ingest","service":"","timestamp":"2025-10-16 12:29:03"}
{"context":"VideoEncodingWorker","level":"info","message":"🎯 VideoEncodingWorker initialized for queue video.event","service":"","timestamp":"2025-10-16 12:29:03"}
{"context":"VideoEncodingWorker","level":"info","message":"🚀 VideoEncodingWorker prêt — écoute video.part.ready","service":"","timestamp":"2025-10-16 12:29:03"}
{"context":"IngestWorker","level":"info","message":"👂 Worker ready and listening for jobs","service":"","timestamp":"2025-10-16 12:29:03"}
{"context":"VideoEncodingWorker","level":"info","message":"👂 Worker ready and listening for jobs","service":"","timestamp":"2025-10-16 12:29:03"}
{"context":"IngestWorker","level":"info","message":"🚀 IngestWorker initialized","service":"","timestamp":"2025-10-16 12:29:03"}
{"context":"VideoEncodingWorker","level":"info","message":"🚀 VideoEncodingWorker initialized","service":"","timestamp":"2025-10-16 12:29:03"}
{"context":"IngestWorker","level":"info","message":"🎯 IngestWorker initialized for queue video.event","service":"","timestamp":"2025-10-16 12:31:58"}
{"context":"IngestWorker","level":"info","message":"🚀 IngestWorker prêt — écoute video.ingest","service":"","timestamp":"2025-10-16 12:31:58"}
{"context":"IngestWorker","level":"info","message":"👂 Worker ready and listening for jobs","service":"","timestamp":"2025-10-16 12:31:58"}
{"context":"IngestWorker","level":"info","message":"🚀 IngestWorker initialized","service":"","timestamp":"2025-10-16 12:31:58"}
{"context":"VideoIngestController","level":"info","message":"🎬 Ingestion initiale démarrée pour vv.mp4 (d59951e3-5c33-4100-8ce3-72998c83de33)","service":"","timestamp":"2025-10-16 12:32:30"}
{"context":"VideoEventDispatcher","level":"debug","message":"📩 Dispatch event video.ingest","payload":{"s3Key":"vv.mp4","userId":"system"},"service":"","timestamp":"2025-10-16 12:32:30"}
{"context":"VideoIngestController","level":"debug","message":"Détails de l’ingestion: videoId=d59951e3-5c33-4100-8ce3-72998c83de33, inputFile=vv.mp4","service":"","timestamp":"2025-10-16 12:32:30"}
{"context":"VideoEventDispatcher","level":"debug","message":"✅ Event \"video.ingest\" dispatched successfully","service":"","timestamp":"2025-10-16 12:32:30"}
{"context":"IngestWorker","level":"info","message":"🎯 IngestWorker initialized for queue video.event","service":"","timestamp":"2025-10-16 13:02:02"}
{"context":"IngestWorker","level":"info","message":"🚀 IngestWorker prêt — écoute video.ingest","service":"","timestamp":"2025-10-16 13:02:02"}
{"context":"IngestWorker","level":"info","message":"👂 Worker ready and listening for jobs","service":"","timestamp":"2025-10-16 13:02:02"}
{"context":"IngestWorker","level":"info","message":"🚀 IngestWorker initialized","service":"","timestamp":"2025-10-16 13:02:02"}
{"context":"VideoIngestController","level":"info","message":"🎬 Ingestion initiale démarrée pour vv.mp4 (ebf76f28-208c-4d31-9281-bea2958c6b6a)","service":"","timestamp":"2025-10-16 13:04:05"}
{"context":"VideoEventDispatcher","level":"debug","message":"📩 Dispatch event video.ingest","payload":{"s3Key":"vv.mp4","userId":"system"},"service":"","timestamp":"2025-10-16 13:04:05"}
{"context":"VideoIngestController","level":"debug","message":"Détails de l’ingestion: videoId=ebf76f28-208c-4d31-9281-bea2958c6b6a, inputFile=vv.mp4","service":"","timestamp":"2025-10-16 13:04:05"}
{"context":"VideoEventDispatcher","level":"debug","message":"✅ Event \"video.ingest\" dispatched successfully","service":"","timestamp":"2025-10-16 13:04:05"}
{"context":"IngestWorker","level":"info","message":"🎯 IngestWorker initialized for queue video.event","service":"","timestamp":"2025-10-16 13:06:53"}
{"context":"IngestWorker","level":"info","message":"🚀 IngestWorker prêt — écoute video.ingest","service":"","timestamp":"2025-10-16 13:06:53"}
{"context":"IngestWorker","level":"info","message":"👂 Worker ready and listening for jobs","service":"","timestamp":"2025-10-16 13:06:53"}
{"context":"IngestWorker","level":"info","message":"🚀 IngestWorker initialized","service":"","timestamp":"2025-10-16 13:06:53"}
{"context":"VideoIngestController","level":"info","message":"🎬 Ingestion initiale démarrée pour vv.mp4 (b7bf4a8c-3dc4-4f7f-88f8-25966ea86b8c)","service":"","timestamp":"2025-10-16 13:07:14"}
{"context":"VideoEventDispatcher","level":"debug","message":"📩 Dispatch event video.ingest","payload":{"s3Key":"vv.mp4","userId":"system"},"service":"","timestamp":"2025-10-16 13:07:14"}
{"context":"VideoIngestController","level":"debug","message":"Détails de l’ingestion: videoId=b7bf4a8c-3dc4-4f7f-88f8-25966ea86b8c, inputFile=vv.mp4","service":"","timestamp":"2025-10-16 13:07:14"}
{"context":"VideoEventDispatcher","level":"debug","message":"✅ Event \"video.ingest\" dispatched successfully","service":"","timestamp":"2025-10-16 13:07:14"}
{"context":"IngestWorker","level":"info","message":"🎯 IngestWorker initialized for queue video.event","service":"","timestamp":"2025-10-16 20:15:34"}
{"context":"IngestWorker","level":"info","message":"🚀 IngestWorker prêt — écoute video.ingest","service":"","timestamp":"2025-10-16 20:15:34"}
{"context":"IngestWorker","level":"info","message":"👂 Worker ready and listening for jobs","service":"","timestamp":"2025-10-16 20:15:34"}
{"context":"IngestWorker","level":"info","message":"🚀 IngestWorker initialized","service":"","timestamp":"2025-10-16 20:15:34"}
{"context":"VideoIngestController","level":"info","message":"🎬 Ingestion initiale démarrée pour vv.mp4 (804efe1d-6a72-4058-97b8-abe471ebc87f)","service":"","timestamp":"2025-10-16 20:16:41"}
{"context":"VideoEventDispatcher","level":"debug","message":"📩 Dispatch event video.ingest","payload":{"s3Key":"vv.mp4","userId":"system"},"service":"","timestamp":"2025-10-16 20:16:41"}
{"context":"VideoIngestController","level":"debug","message":"Détails de l’ingestion: videoId=804efe1d-6a72-4058-97b8-abe471ebc87f, inputFile=vv.mp4","service":"","timestamp":"2025-10-16 20:16:41"}
{"context":"VideoEventDispatcher","level":"debug","message":"✅ Event \"video.ingest\" dispatched successfully","service":"","timestamp":"2025-10-16 20:16:41"}
